Archive member included to satisfy reference by file (symbol)

c:/st/stm32cubeide_1.6.1/stm32cubeide/plugins/com.st.stm32cube.ide.mcu.externaltools.gnu-tools-for-stm32.9-2020-q2-update.win32_1.5.0.202011040924/tools/bin/../lib/gcc/arm-none-eabi/9.3.1/../../../../arm-none-eabi/lib/thumb/v6-m/nofp\libc_nano.a(lib_a-errno.o)
                              Core/Src/syscalls.o (__errno)
c:/st/stm32cubeide_1.6.1/stm32cubeide/plugins/com.st.stm32cube.ide.mcu.externaltools.gnu-tools-for-stm32.9-2020-q2-update.win32_1.5.0.202011040924/tools/bin/../lib/gcc/arm-none-eabi/9.3.1/../../../../arm-none-eabi/lib/thumb/v6-m/nofp\libc_nano.a(lib_a-exit.o)
                              c:/st/stm32cubeide_1.6.1/stm32cubeide/plugins/com.st.stm32cube.ide.mcu.externaltools.gnu-tools-for-stm32.9-2020-q2-update.win32_1.5.0.202011040924/tools/bin/../lib/gcc/arm-none-eabi/9.3.1/../../../../arm-none-eabi/lib/thumb/v6-m/nofp/crt0.o (exit)
c:/st/stm32cubeide_1.6.1/stm32cubeide/plugins/com.st.stm32cube.ide.mcu.externaltools.gnu-tools-for-stm32.9-2020-q2-update.win32_1.5.0.202011040924/tools/bin/../lib/gcc/arm-none-eabi/9.3.1/../../../../arm-none-eabi/lib/thumb/v6-m/nofp\libc_nano.a(lib_a-impure.o)
                              c:/st/stm32cubeide_1.6.1/stm32cubeide/plugins/com.st.stm32cube.ide.mcu.externaltools.gnu-tools-for-stm32.9-2020-q2-update.win32_1.5.0.202011040924/tools/bin/../lib/gcc/arm-none-eabi/9.3.1/../../../../arm-none-eabi/lib/thumb/v6-m/nofp\libc_nano.a(lib_a-exit.o) (_global_impure_ptr)
c:/st/stm32cubeide_1.6.1/stm32cubeide/plugins/com.st.stm32cube.ide.mcu.externaltools.gnu-tools-for-stm32.9-2020-q2-update.win32_1.5.0.202011040924/tools/bin/../lib/gcc/arm-none-eabi/9.3.1/../../../../arm-none-eabi/lib/thumb/v6-m/nofp\libc_nano.a(lib_a-init.o)
                              c:/st/stm32cubeide_1.6.1/stm32cubeide/plugins/com.st.stm32cube.ide.mcu.externaltools.gnu-tools-for-stm32.9-2020-q2-update.win32_1.5.0.202011040924/tools/bin/../lib/gcc/arm-none-eabi/9.3.1/../../../../arm-none-eabi/lib/thumb/v6-m/nofp/crt0.o (__libc_init_array)
c:/st/stm32cubeide_1.6.1/stm32cubeide/plugins/com.st.stm32cube.ide.mcu.externaltools.gnu-tools-for-stm32.9-2020-q2-update.win32_1.5.0.202011040924/tools/bin/../lib/gcc/arm-none-eabi/9.3.1/../../../../arm-none-eabi/lib/thumb/v6-m/nofp\libc_nano.a(lib_a-memcpy-stub.o)
                              Core/_app/Src/_app_charging_service.o (memcpy)
c:/st/stm32cubeide_1.6.1/stm32cubeide/plugins/com.st.stm32cube.ide.mcu.externaltools.gnu-tools-for-stm32.9-2020-q2-update.win32_1.5.0.202011040924/tools/bin/../lib/gcc/arm-none-eabi/9.3.1/../../../../arm-none-eabi/lib/thumb/v6-m/nofp\libc_nano.a(lib_a-memset.o)
                              c:/st/stm32cubeide_1.6.1/stm32cubeide/plugins/com.st.stm32cube.ide.mcu.externaltools.gnu-tools-for-stm32.9-2020-q2-update.win32_1.5.0.202011040924/tools/bin/../lib/gcc/arm-none-eabi/9.3.1/../../../../arm-none-eabi/lib/thumb/v6-m/nofp/crt0.o (memset)
c:/st/stm32cubeide_1.6.1/stm32cubeide/plugins/com.st.stm32cube.ide.mcu.externaltools.gnu-tools-for-stm32.9-2020-q2-update.win32_1.5.0.202011040924/tools/bin/../lib/gcc/arm-none-eabi/9.3.1/../../../../arm-none-eabi/lib/thumb/v6-m/nofp\libc_nano.a(lib_a-printf.o)
                              Core/_app/Src/_app_charging_service.o (printf)
c:/st/stm32cubeide_1.6.1/stm32cubeide/plugins/com.st.stm32cube.ide.mcu.externaltools.gnu-tools-for-stm32.9-2020-q2-update.win32_1.5.0.202011040924/tools/bin/../lib/gcc/arm-none-eabi/9.3.1/../../../../arm-none-eabi/lib/thumb/v6-m/nofp\libc_nano.a(lib_a-puts.o)
                              Core/_app/Src/_app_charging_service.o (puts)
c:/st/stm32cubeide_1.6.1/stm32cubeide/plugins/com.st.stm32cube.ide.mcu.externaltools.gnu-tools-for-stm32.9-2020-q2-update.win32_1.5.0.202011040924/tools/bin/../lib/gcc/arm-none-eabi/9.3.1/../../../../arm-none-eabi/lib/thumb/v6-m/nofp\libc_nano.a(lib_a-sprintf.o)
                              Core/_app/Src/_app_charging_service.o (sprintf)
c:/st/stm32cubeide_1.6.1/stm32cubeide/plugins/com.st.stm32cube.ide.mcu.externaltools.gnu-tools-for-stm32.9-2020-q2-update.win32_1.5.0.202011040924/tools/bin/../lib/gcc/arm-none-eabi/9.3.1/../../../../arm-none-eabi/lib/thumb/v6-m/nofp\libc_nano.a(lib_a-wbuf.o)
                              c:/st/stm32cubeide_1.6.1/stm32cubeide/plugins/com.st.stm32cube.ide.mcu.externaltools.gnu-tools-for-stm32.9-2020-q2-update.win32_1.5.0.202011040924/tools/bin/../lib/gcc/arm-none-eabi/9.3.1/../../../../arm-none-eabi/lib/thumb/v6-m/nofp\libc_nano.a(lib_a-puts.o) (__swbuf_r)
c:/st/stm32cubeide_1.6.1/stm32cubeide/plugins/com.st.stm32cube.ide.mcu.externaltools.gnu-tools-for-stm32.9-2020-q2-update.win32_1.5.0.202011040924/tools/bin/../lib/gcc/arm-none-eabi/9.3.1/../../../../arm-none-eabi/lib/thumb/v6-m/nofp\libc_nano.a(lib_a-wsetup.o)
[...]
Memory Configuration

Name             Origin             Length             Attributes
RAM              0x0000000020000000 0x0000000000002000 xrw
FLASH            0x0000000008000000 0x0000000000010000 xr
*default*        0x0000000000000000 0xffffffffffffffff

Linker script and memory map

LOAD c:/st/stm32cubeide_1.6.1/stm32cubeide/plugins/com.st.stm32cube.ide.mcu.externaltools.gnu-tools-for-stm32.9-2020-q2-update.win32_1.5.0.202011040924/tools/bin/../lib/gcc/arm-none-eabi/9.3.1/thumb/v6-m/nofp/crti.o
LOAD c:/st/stm32cubeide_1.6.1/stm32cubeide/plugins/com.st.stm32cube.ide.mcu.externaltools.gnu-tools-for-stm32.9-2020-q2-update.win32_1.5.0.202011040924/tools/bin/../lib/gcc/arm-none-eabi/9.3.1/thumb/v6-m/nofp/crtbegin.o
LOAD c:/st/stm32cubeide_1.6.1/stm32cubeide/plugins/com.st.stm32cube.ide.mcu.externaltools.gnu-tools-for-stm32.9-2020-q2-update.win32_1.5.0.202011040924/tools/bin/../lib/gcc/arm-none-eabi/9.3.1/../../../../arm-none-eabi/lib/thumb/v6-m/nofp/crt0.o
LOAD Core/Src/adc.o
LOAD Core/Src/dma.o
LOAD Core/Src/gpio.o
LOAD Core/Src/i2c.o
LOAD Core/Src/main.o
LOAD Core/Src/stm32f0xx_hal_msp.o
LOAD Core/Src/stm32f0xx_it.o
LOAD Core/Src/syscalls.o
LOAD Core/Src/sysmem.o
LOAD Core/Src/system_stm32f0xx.o
LOAD Core/Src/tim.o
LOAD Core/Src/usart.o
LOAD Core/Startup/startup_stm32f030c8tx.o
LOAD Core/_app/Src/_app_charging_service.o
LOAD Core/_app/Src/_app_configration_service.o
LOAD Core/_app/Src/_app_metering_service.o
LOAD Core/_app/Src/_app_nonos_loop.o
LOAD Core/_app/Src/_app_rfid_comm.o
LOAD Core/_app/Src/_app_system_control.o
LOAD Core/_lib/Src/_lib_LPF.o
LOAD Core/_lib/Src/_lib_bitop.o
LOAD Core/_lib/Src/_lib_debouncecheck.o
LOAD Core/_lib/Src/_lib_logging.o
LOAD Core/_lib/Src/_lib_u8queue.o
LOAD Core/_lib/Src/_lib_userdelay.o
LOAD Core/_mw/Src/_mw_cp.o
LOAD Core/_mw/Src/_mw_eeprom.o
LOAD Core/_mw/Src/_mw_gpio.o
LOAD Core/_mw/Src/_mw_indiled.o
LOAD Core/_mw/Src/_mw_it.o
LOAD Core/_mw/Src/_mw_ntc.o
LOAD Core/_mw/Src/_mw_pwm.o
LOAD Core/_mw/Src/_mw_uart.o
LOAD Drivers/STM32F0xx_HAL_Driver/Src/stm32f0xx_hal.o
LOAD Drivers/STM32F0xx_HAL_Driver/Src/stm32f0xx_hal_adc.o
LOAD Drivers/STM32F0xx_HAL_Driver/Src/stm32f0xx_hal_adc_ex.o
LOAD Drivers/STM32F0xx_HAL_Driver/Src/stm32f0xx_hal_cortex.o
LOAD Drivers/STM32F0xx_HAL_Driver/Src/stm32f0xx_hal_dma.o
LOAD Drivers/STM32F0xx_HAL_Driver/Src/stm32f0xx_hal_exti.o
LOAD Drivers/STM32F0xx_HAL_Driver/Src/stm32f0xx_hal_flash.o
LOAD Drivers/STM32F0xx_HAL_Driver/Src/stm32f0xx_hal_flash_ex.o
LOAD Drivers/STM32F0xx_HAL_Driver/Src/stm32f0xx_hal_gpio.o
LOAD Drivers/STM32F0xx_HAL_Driver/Src/stm32f0xx_hal_i2c.o
LOAD Drivers/STM32F0xx_HAL_Driver/Src/stm32f0xx_hal_i2c_ex.o
LOAD Drivers/STM32F0xx_HAL_Driver/Src/stm32f0xx_hal_pwr.o
LOAD Drivers/STM32F0xx_HAL_Driver/Src/stm32f0xx_hal_pwr_ex.o
LOAD Drivers/STM32F0xx_HAL_Driver/Src/stm32f0xx_hal_rcc.o
LOAD Drivers/STM32F0xx_HAL_Driver/Src/stm32f0xx_hal_rcc_ex.o
LOAD Drivers/STM32F0xx_HAL_Driver/Src/stm32f0xx_hal_tim.o
LOAD Drivers/STM32F0xx_HAL_Driver/Src/stm32f0xx_hal_tim_ex.o
LOAD Drivers/STM32F0xx_HAL_Driver/Src/stm32f0xx_hal_uart.o
LOAD Drivers/STM32F0xx_HAL_Driver/Src/stm32f0xx_hal_uart_ex.o
START GROUP
LOAD c:/st/stm32cubeide_1.6.1/stm32cubeide/plugins/com.st.stm32cube.ide.mcu.externaltools.gnu-tools-for-stm32.9-2020-q2-update.win32_1.5.0.202011040924/tools/bin/../lib/gcc/arm-none-eabi/9.3.1/../../../../arm-none-eabi/lib/thumb/v6-m/nofp\libc_nano.a
LOAD c:/st/stm32cubeide_1.6.1/stm32cubeide/plugins/com.st.stm32cube.ide.mcu.externaltools.gnu-tools-for-stm32.9-2020-q2-update.win32_1.5.0.202011040924/tools/bin/../lib/gcc/arm-none-eabi/9.3.1/../../../../arm-none-eabi/lib/thumb/v6-m/nofp\libm.a
END GROUP
START GROUP
LOAD c:/st/stm32cubeide_1.6.1/stm32cubeide/plugins/com.st.stm32cube.ide.mcu.externaltools.gnu-tools-for-stm32.9-2020-q2-update.win32_1.5.0.202011040924/tools/bin/../lib/gcc/arm-none-eabi/9.3.1/thumb/v6-m/nofp\libgcc.a
LOAD c:/st/stm32cubeide_1.6.1/stm32cubeide/plugins/com.st.stm32cube.ide.mcu.externaltools.gnu-tools-for-stm32.9-2020-q2-update.win32_1.5.0.202011040924/tools/bin/../lib/gcc/arm-none-eabi/9.3.1/../../../../arm-none-eabi/lib/thumb/v6-m/nofp\libc_nano.a
END GROUP
START GROUP
LOAD c:/st/stm32cubeide_1.6.1/stm32cubeide/plugins/com.st.stm32cube.ide.mcu.externaltools.gnu-tools-for-stm32.9-2020-q2-update.win32_1.5.0.202011040924/tools/bin/../lib/gcc/arm-none-eabi/9.3.1/thumb/v6-m/nofp\libgcc.a
LOAD c:/st/stm32cubeide_1.6.1/stm32cubeide/plugins/com.st.stm32cube.ide.mcu.externaltools.gnu-tools-for-stm32.9-2020-q2-update.win32_1.5.0.202011040924/tools/bin/../lib/gcc/arm-none-eabi/9.3.1/../../../../arm-none-eabi/lib/thumb/v6-m/nofp\libc_nano.a
LOAD c:/st/stm32cubeide_1.6.1/stm32cubeide/plugins/com.st.stm32cube.ide.mcu.externaltools.gnu-tools-for-stm32.9-2020-q2-update.win32_1.5.0.202011040924/tools/bin/../lib/gcc/arm-none-eabi/9.3.1/../../../../arm-none-eabi/lib/thumb/v6-m/nofp\libnosys.a
END GROUP
START GROUP
LOAD c:/st/stm32cubeide_1.6.1/stm32cubeide/plugins/com.st.stm32cube.ide.mcu.externaltools.gnu-tools-for-stm32.9-2020-q2-update.win32_1.5.0.202011040924/tools/bin/../lib/gcc/arm-none-eabi/9.3.1/thumb/v6-m/nofp\libgcc.a
LOAD c:/st/stm32cubeide_1.6.1/stm32cubeide/plugins/com.st.stm32cube.ide.mcu.externaltools.gnu-tools-for-stm32.9-2020-q2-update.win32_1.5.0.202011040924/tools/bin/../lib/gcc/arm-none-eabi/9.3.1/../../../../arm-none-eabi/lib/thumb/v6-m/nofp\libc_nano.a
LOAD c:/st/stm32cubeide_1.6.1/stm32cubeide/plugins/com.st.stm32cube.ide.mcu.externaltools.gnu-tools-for-stm32.9-2020-q2-update.win32_1.5.0.202011040924/tools/bin/../lib/gcc/arm-none-eabi/9.3.1/../../../../arm-none-eabi/lib/thumb/v6-m/nofp\libnosys.a
END GROUP
LOAD c:/st/stm32cubeide_1.6.1/stm32cubeide/plugins/com.st.stm32cube.ide.mcu.externaltools.gnu-tools-for-stm32.9-2020-q2-update.win32_1.5.0.202011040924/tools/bin/../lib/gcc/arm-none-eabi/9.3.1/thumb/v6-m/nofp/crtend.o
LOAD c:/st/stm32cubeide_1.6.1/stm32cubeide/plugins/com.st.stm32cube.ide.mcu.externaltools.gnu-tools-for-stm32.9-2020-q2-update.win32_1.5.0.202011040924/tools/bin/../lib/gcc/arm-none-eabi/9.3.1/thumb/v6-m/nofp/crtn.o
                0x0000000020002000                _estack = (ORIGIN (RAM) + LENGTH (RAM))
                0x0000000000000200                _Min_Heap_Size = 0x200
                0x0000000000000400                _Min_Stack_Size = 0x400

.isr_vector     0x0000000008000000       0xc0
                0x0000000008000000                . = ALIGN (0x4)
 *(.isr_vector)
 .isr_vector    0x0000000008000000       0xc0 Core/Startup/startup_stm32f030c8tx.o
                0x0000000008000000                g_pfnVectors
                0x00000000080000c0                . = ALIGN (0x4)

.text           0x00000000080000c0     0xbe68
                0x00000000080000c0                . = ALIGN (0x4)
 *(.text)
 .text          0x00000000080000c0       0x48 c:/st/stm32cubeide_1.6.1/stm32cubeide/plugins/com.st.stm32cube.ide.mcu.externaltools.gnu-tools-for-stm32.9-2020-q2-update.win32_1.5.0.202011040924/tools/bin/../lib/gcc/arm-none-eabi/9.3.1/thumb/v6-m/nofp/crtbegin.o
 .text          0x0000000008000108       0x14 c:/st/stm32cubeide_1.6.1/stm32cubeide/plugins/com.st.stm32cube.ide.mcu.externaltools.gnu-tools-for-stm32.9-2020-q2-update.win32_1.5.0.202011040924/tools/bin/../lib/gcc/arm-none-eabi/9.3.1/thumb/v6-m/nofp\libgcc.a(_thumb1_case_shi.o)
                0x0000000008000108                __gnu_thumb1_case_shi
 .text          0x000000000800011c      0x114 c:/st/stm32cubeide_1.6.1/stm32cubeide/plugins/com.st.stm32cube.ide.mcu.externaltools.gnu-tools-for-stm32.9-2020-q2-update.win32_1.5.0.202011040924/tools/bin/../lib/gcc/arm-none-eabi/9.3.1/thumb/v6-m/nofp\libgcc.a(_udivsi3.o)
                0x000000000800011c                __aeabi_uidiv
                0x000000000800011c                __udivsi3
                0x0000000008000228                __aeabi_uidivmod
 .text          0x0000000008000230        0x4 c:/st/stm32cubeide_1.6.1/stm32cubeide/plugins/com.st.stm32cube.ide.mcu.externaltools.gnu-tools-for-stm32.9-2020-q2-update.win32_1.5.0.202011040924/tools/bin/../lib/gcc/arm-none-eabi/9.3.1/thumb/v6-m/nofp\libgcc.a(_dvmd_tls.o)
                0x0000000008000230                __aeabi_idiv0
                0x0000000008000230                __aeabi_ldiv0
 .text          0x0000000008000234       0x7c c:/st/stm32cubeide_1.6.1/stm32cubeide/plugins/com.st.stm32cube.ide.mcu.externaltools.gnu-tools-for-stm32.9-2020-q2-update.win32_1.5.0.202011040924/tools/bin/../lib/gcc/arm-none-eabi/9.3.1/thumb/v6-m/nofp\libgcc.a(_arm_cmpdf2.o)
                0x0000000008000234                __aeabi_cdrcmple
                0x0000000008000244                __aeabi_cdcmple
                0x0000000008000244                __aeabi_cdcmpeq
                0x0000000008000254                __aeabi_dcmpeq
                0x0000000008000260                __aeabi_dcmplt
                0x0000000008000274                __aeabi_dcmple
                0x0000000008000288                __aeabi_dcmpgt
                0x000000000800029c                __aeabi_dcmpge
 .text          0x00000000080002b0       0x30 c:/st/stm32cubeide_1.6.1/stm32cubeide/plugins/com.st.stm32cube.ide.mcu.externaltools.gnu-tools-for-stm32.9-2020-q2-update.win32_1.5.0.202011040924/tools/bin/../lib/gcc/arm-none-eabi/9.3.1/thumb/v6-m/nofp\libgcc.a(_fixunssfsi.o)
                0x00000000080002b0                __fixunssfsi
                0x00000000080002b0                __aeabi_f2uiz
 .text          0x00000000080002e0       0x3c c:/st/stm32cubeide_1.6.1/stm32cubeide/plugins/com.st.stm32cube.ide.mcu.externaltools.gnu-tools-for-stm32.9-2020-q2-update.win32_1.5.0.202011040924/tools/bin/../lib/gcc/arm-none-eabi/9.3.1/thumb/v6-m/nofp\libgcc.a(_fixunsdfsi.o)
                0x00000000080002e0                __aeabi_d2uiz
                0x00000000080002e0                __fixunsdfsi
 .text          0x000000000800031c      0x338 c:/st/stm32cubeide_1.6.1/stm32cubeide/plugins/com.st.stm32cube.ide.mcu.externaltools.gnu-tools-for-stm32.9-2020-q2-update.win32_1.5.0.202011040924/tools/bin/../lib/gcc/arm-none-eabi/9.3.1/thumb/v6-m/nofp\libgcc.a(addsf3.o)
                0x000000000800031c                __aeabi_fadd
 .text          0x0000000008000654      0x218 c:/st/stm32cubeide_1.6.1/stm32cubeide/plugins/com.st.stm32cube.ide.mcu.externaltools.gnu-tools-for-stm32.9-2020-q2-update.win32_1.5.0.202011040924/tools/bin/../lib/gcc/arm-none-eabi/9.3.1/thumb/v6-m/nofp\libgcc.a(divsf3.o)
                0x0000000008000654                __aeabi_fdiv
 .text          0x000000000800086c      0x234 c:/st/stm32cubeide_1.6.1/stm32cubeide/plugins/com.st.stm32cube.ide.mcu.externaltools.gnu-tools-for-stm32.9-2020-q2-update.win32_1.5.0.202011040924/tools/bin/../lib/gcc/arm-none-eabi/9.3.1/thumb/v6-m/nofp\libgcc.a(mulsf3.o)
                0x000000000800086c                __aeabi_fmul
 .text          0x0000000008000aa0      0x390 c:/st/stm32cubeide_1.6.1/stm32cubeide/plugins/com.st.stm32cube.ide.mcu.externaltools.gnu-tools-for-stm32.9-2020-q2-update.win32_1.5.0.202011040924/tools/bin/../lib/gcc/arm-none-eabi/9.3.1/thumb/v6-m/nofp\libgcc.a(subsf3.o)
                0x0000000008000aa0                __aeabi_fsub
 .text          0x0000000008000e30       0x40 c:/st/stm32cubeide_1.6.1/stm32cubeide/plugins/com.st.stm32cube.ide.mcu.externaltools.gnu-tools-for-stm32.9-2020-q2-update.win32_1.5.0.202011040924/tools/bin/../lib/gcc/arm-none-eabi/9.3.1/thumb/v6-m/nofp\libgcc.a(fixsfsi.o)
                0x0000000008000e30                __aeabi_f2iz
 .text          0x0000000008000e70       0x8c c:/st/stm32cubeide_1.6.1/stm32cubeide/plugins/com.st.stm32cube.ide.mcu.externaltools.gnu-tools-for-stm32.9-2020-q2-update.win32_1.5.0.202011040924/tools/bin/../lib/gcc/arm-none-eabi/9.3.1/thumb/v6-m/nofp\libgcc.a(floatsisf.o)
                0x0000000008000e70                __aeabi_i2f
 .text          0x0000000008000efc      0x6d4 c:/st/stm32cubeide_1.6.1/stm32cubeide/plugins/com.st.stm32cube.ide.mcu.externaltools.gnu-tools-for-stm32.9-2020-q2-update.win32_1.5.0.202011040924/tools/bin/../lib/gcc/arm-none-eabi/9.3.1/thumb/v6-m/nofp\libgcc.a(adddf3.o)
                0x0000000008000efc                __aeabi_dadd
 .text          0x00000000080015d0      0x5d0 c:/st/stm32cubeide_1.6.1/stm32cubeide/plugins/com.st.stm32cube.ide.mcu.externaltools.gnu-tools-for-stm32.9-2020-q2-update.win32_1.5.0.202011040924/tools/bin/../lib/gcc/arm-none-eabi/9.3.1/thumb/v6-m/nofp\libgcc.a(divdf3.o)
                0x00000000080015d0                __aeabi_ddiv
 .text          0x0000000008001ba0       0x78 c:/st/stm32cubeide_1.6.1/stm32cubeide/plugins/com.st.stm32cube.ide.mcu.externaltools.gnu-tools-for-stm32.9-2020-q2-update.win32_1.5.0.202011040924/tools/bin/../lib/gcc/arm-none-eabi/9.3.1/thumb/v6-m/nofp\libgcc.a(eqdf2.o)
                0x0000000008001ba0                __nedf2
                0x0000000008001ba0                __eqdf2
 .text          0x0000000008001c18       0xe4 c:/st/stm32cubeide_1.6.1/stm32cubeide/plugins/com.st.stm32cube.ide.mcu.externaltools.gnu-tools-for-stm32.9-2020-q2-update.win32_1.5.0.202011040924/tools/bin/../lib/gcc/arm-none-eabi/9.3.1/thumb/v6-m/nofp\libgcc.a(gedf2.o)
                0x0000000008001c18                __gedf2
                0x0000000008001c18                __gtdf2
 .text          0x0000000008001cfc       0xe0 c:/st/stm32cubeide_1.6.1/stm32cubeide/plugins/com.st.stm32cube.ide.mcu.externaltools.gnu-tools-for-stm32.9-2020-q2-update.win32_1.5.0.202011040924/tools/bin/../lib/gcc/arm-none-eabi/9.3.1/thumb/v6-m/nofp\libgcc.a(ledf2.o)
                0x0000000008001cfc                __ledf2
                0x0000000008001cfc                __ltdf2
 .text          0x0000000008001ddc      0x4d8 c:/st/stm32cubeide_1.6.1/stm32cubeide/plugins/com.st.stm32cube.ide.mcu.externaltools.gnu-tools-for-stm32.9-2020-q2-update.win32_1.5.0.202011040924/tools/bin/../lib/gcc/arm-none-eabi/9.3.1/thumb/v6-m/nofp\libgcc.a(muldf3.o)
                0x0000000008001ddc                __aeabi_dmul
 .text          0x00000000080022b4      0x724 c:/st/stm32cubeide_1.6.1/stm32cubeide/plugins/com.st.stm32cube.ide.mcu.externaltools.gnu-tools-for-stm32.9-2020-q2-update.win32_1.5.0.202011040924/tools/bin/../lib/gcc/arm-none-eabi/9.3.1/thumb/v6-m/nofp\libgcc.a(subdf3.o)
                0x00000000080022b4                __aeabi_dsub
 .text          0x00000000080029d8       0x3c c:/st/stm32cubeide_1.6.1/stm32cubeide/plugins/com.st.stm32cube.ide.mcu.externaltools.gnu-tools-for-stm32.9-2020-q2-update.win32_1.5.0.202011040924/tools/bin/../lib/gcc/arm-none-eabi/9.3.1/thumb/v6-m/nofp\libgcc.a(unorddf2.o)
                0x00000000080029d8                __aeabi_dcmpun
 .text          0x0000000008002a14       0x6c c:/st/stm32cubeide_1.6.1/stm32cubeide/plugins/com.st.stm32cube.ide.mcu.externaltools.gnu-tools-for-stm32.9-2020-q2-update.win32_1.5.0.202011040924/tools/bin/../lib/gcc/arm-none-eabi/9.3.1/thumb/v6-m/nofp\libgcc.a(fixdfsi.o)
                0x0000000008002a14                __aeabi_d2iz
 .text          0x0000000008002a80       0x60 c:/st/stm32cubeide_1.6.1/stm32cubeide/plugins/com.st.stm32cube.ide.mcu.externaltools.gnu-tools-for-stm32.9-2020-q2-update.win32_1.5.0.202011040924/tools/bin/../lib/gcc/arm-none-eabi/9.3.1/thumb/v6-m/nofp\libgcc.a(floatsidf.o)
                0x0000000008002a80                __aeabi_i2d
 .text          0x0000000008002ae0       0x4c c:/st/stm32cubeide_1.6.1/stm32cubeide/plugins/com.st.stm32cube.ide.mcu.externaltools.gnu-tools-for-stm32.9-2020-q2-update.win32_1.5.0.202011040924/tools/bin/../lib/gcc/arm-none-eabi/9.3.1/thumb/v6-m/nofp\libgcc.a(floatunsidf.o)
                0x0000000008002ae0                __aeabi_ui2d
 .text          0x0000000008002b2c       0x74 c:/st/stm32cubeide_1.6.1/stm32cubeide/plugins/com.st.stm32cube.ide.mcu.externaltools.gnu-tools-for-stm32.9-2020-q2-update.win32_1.5.0.202011040924/tools/bin/../lib/gcc/arm-none-eabi/9.3.1/thumb/v6-m/nofp\libgcc.a(_arm_cmpsf2.o)
                0x0000000008002b2c                __aeabi_cfrcmple
                0x0000000008002b34                __aeabi_cfcmpeq
                0x0000000008002b34                __aeabi_cfcmple
                0x0000000008002b44                __aeabi_fcmpeq
                0x0000000008002b50                __aeabi_fcmplt
                0x0000000008002b64                __aeabi_fcmple
                0x0000000008002b78                __aeabi_fcmpgt
                0x0000000008002b8c                __aeabi_fcmpge
 .text          0x0000000008002ba0       0x3c c:/st/stm32cubeide_1.6.1/stm32cubeide/plugins/com.st.stm32cube.ide.mcu.externaltools.gnu-tools-for-stm32.9-2020-q2-update.win32_1.5.0.202011040924/tools/bin/../lib/gcc/arm-none-eabi/9.3.1/thumb/v6-m/nofp\libgcc.a(_clzsi2.o)
                0x0000000008002ba0                __clzsi2
 .text          0x0000000008002bdc       0x50 c:/st/stm32cubeide_1.6.1/stm32cubeide/plugins/com.st.stm32cube.ide.mcu.externaltools.gnu-tools-for-stm32.9-2020-q2-update.win32_1.5.0.202011040924/tools/bin/../lib/gcc/arm-none-eabi/9.3.1/thumb/v6-m/nofp\libgcc.a(eqsf2.o)
                0x0000000008002bdc                __eqsf2
                0x0000000008002bdc                __nesf2
 .text          0x0000000008002c2c       0x98 c:/st/stm32cubeide_1.6.1/stm32cubeide/plugins/com.st.stm32cube.ide.mcu.externaltools.gnu-tools-for-stm32.9-2020-q2-update.win32_1.5.0.202011040924/tools/bin/../lib/gcc/arm-none-eabi/9.3.1/thumb/v6-m/nofp\libgcc.a(gesf2.o)
                0x0000000008002c2c                __gesf2
                0x0000000008002c2c                __gtsf2
 .text          0x0000000008002cc4       0x94 c:/st/stm32cubeide_1.6.1/stm32cubeide/plugins/com.st.stm32cube.ide.mcu.externaltools.gnu-tools-for-stm32.9-2020-q2-update.win32_1.5.0.202011040924/tools/bin/../lib/gcc/arm-none-eabi/9.3.1/thumb/v6-m/nofp\libgcc.a(lesf2.o)
                0x0000000008002cc4                __ltsf2
                0x0000000008002cc4                __lesf2
 *(.text*)
 .text.MX_ADC_Init
                0x0000000008002d58       0xd0 Core/Src/adc.o
                0x0000000008002d58                MX_ADC_Init
 .text.HAL_ADC_MspInit
                0x0000000008002e28       0xc0 Core/Src/adc.o
                0x0000000008002e28                HAL_ADC_MspInit
 .text.MX_DMA_Init
                0x0000000008002ee8       0x30 Core/Src/dma.o
                0x0000000008002ee8                MX_DMA_Init
 .text.MX_GPIO_Init
                0x0000000008002f18      0x108 Core/Src/gpio.o
                0x0000000008002f18                MX_GPIO_Init
 .text.MX_I2C1_Init
                0x0000000008003020       0x74 Core/Src/i2c.o
                0x0000000008003020                MX_I2C1_Init
 .text.HAL_I2C_MspInit
                0x0000000008003094       0x6c Core/Src/i2c.o
                0x0000000008003094                HAL_I2C_MspInit
 .text.SystemClock_Config
                0x0000000008003100       0x88 Core/Src/main.o
                0x0000000008003100                SystemClock_Config
 .text.startup.main
                0x0000000008003188       0x30 Core/Src/main.o
                0x0000000008003188                main
 .text.Error_Handler
                0x00000000080031b8        0x4 Core/Src/main.o
                0x00000000080031b8                Error_Handler
 .text.HAL_MspInit
                0x00000000080031bc       0x30 Core/Src/stm32f0xx_hal_msp.o
                0x00000000080031bc                HAL_MspInit
 .text.NMI_Handler
                0x00000000080031ec        0x4 Core/Src/stm32f0xx_it.o
                0x00000000080031ec                NMI_Handler
 .text.HardFault_Handler
                0x00000000080031f0        0x4 Core/Src/stm32f0xx_it.o
                0x00000000080031f0                HardFault_Handler
 .text.SVC_Handler
                0x00000000080031f4        0x4 Core/Src/stm32f0xx_it.o
                0x00000000080031f4                SVC_Handler
 .text.PendSV_Handler
                0x00000000080031f8        0x4 Core/Src/stm32f0xx_it.o
                0x00000000080031f8                PendSV_Handler
 .text.SysTick_Handler
                0x00000000080031fc        0x8 Core/Src/stm32f0xx_it.o
                0x00000000080031fc                SysTick_Handler
 .text.DMA1_Channel1_IRQHandler
                0x0000000008003204       0x10 Core/Src/stm32f0xx_it.o
                0x0000000008003204                DMA1_Channel1_IRQHandler
 .text.TIM1_BRK_UP_TRG_COM_IRQHandler
                0x0000000008003214       0x10 Core/Src/stm32f0xx_it.o
                0x0000000008003214                TIM1_BRK_UP_TRG_COM_IRQHandler
 .text.TIM1_CC_IRQHandler
                0x0000000008003224        0x8 Core/Src/stm32f0xx_it.o
                0x0000000008003224                TIM1_CC_IRQHandler
 .text.TIM3_IRQHandler
                0x000000000800322c       0x10 Core/Src/stm32f0xx_it.o
                0x000000000800322c                TIM3_IRQHandler
 .text.USART1_IRQHandler
                0x000000000800323c       0x10 Core/Src/stm32f0xx_it.o
                0x000000000800323c                USART1_IRQHandler
 .text.USART2_IRQHandler
                0x000000000800324c       0x10 Core/Src/stm32f0xx_it.o
                0x000000000800324c                USART2_IRQHandler
 .text._read    0x000000000800325c       0x1c Core/Src/syscalls.o
                0x000000000800325c                _read
 .text._close   0x0000000008003278        0x8 Core/Src/syscalls.o
                0x0000000008003278                _close
 .text._fstat   0x0000000008003280        0xc Core/Src/syscalls.o
                0x0000000008003280                _fstat
 .text._isatty  0x000000000800328c        0x4 Core/Src/syscalls.o
                0x000000000800328c                _isatty
 .text._lseek   0x0000000008003290        0x4 Core/Src/syscalls.o
                0x0000000008003290                _lseek
 .text._sbrk    0x0000000008003294       0x44 Core/Src/sysmem.o
                0x0000000008003294                _sbrk
 .text.SystemInit
                0x00000000080032d8        0x4 Core/Src/system_stm32f0xx.o
                0x00000000080032d8                SystemInit
 .text.MX_TIM3_Init
                0x00000000080032dc       0x84 Core/Src/tim.o
                0x00000000080032dc                MX_TIM3_Init
 .text.HAL_TIM_PWM_MspInit
                0x0000000008003360       0x50 Core/Src/tim.o
                0x0000000008003360                HAL_TIM_PWM_MspInit
 .text.HAL_TIM_OC_MspInit
                0x00000000080033b0       0x3c Core/Src/tim.o
                0x00000000080033b0                HAL_TIM_OC_MspInit
 .text.HAL_TIM_MspPostInit
                0x00000000080033ec       0x58 Core/Src/tim.o
                0x00000000080033ec                HAL_TIM_MspPostInit
 .text.MX_TIM1_Init
                0x0000000008003444      0x134 Core/Src/tim.o
                0x0000000008003444                MX_TIM1_Init
 .text.MX_USART1_UART_Init
                0x0000000008003578       0x3c Core/Src/usart.o
                0x0000000008003578                MX_USART1_UART_Init
 .text.MX_USART2_UART_Init
                0x00000000080035b4       0x3c Core/Src/usart.o
                0x00000000080035b4                MX_USART2_UART_Init
 .text.HAL_UART_MspInit
                0x00000000080035f0       0xdc Core/Src/usart.o
                0x00000000080035f0                HAL_UART_MspInit
 .text.Reset_Handler
                0x00000000080036cc       0x50 Core/Startup/startup_stm32f030c8tx.o
                0x00000000080036cc                Reset_Handler
 .text.Default_Handler
                0x000000000800371c        0x2 Core/Startup/startup_stm32f030c8tx.o
                0x000000000800371c                TIM6_IRQHandler
                0x000000000800371c                I2C1_IRQHandler
                0x000000000800371c                SPI1_IRQHandler
                0x000000000800371c                EXTI2_3_IRQHandler
                0x000000000800371c                ADC1_IRQHandler
                0x000000000800371c                I2C2_IRQHandler
                0x000000000800371c                TIM17_IRQHandler
                0x000000000800371c                RTC_IRQHandler
                0x000000000800371c                TIM16_IRQHandler
                0x000000000800371c                EXTI4_15_IRQHandler
                0x000000000800371c                RCC_IRQHandler
                0x000000000800371c                Default_Handler
                0x000000000800371c                TIM14_IRQHandler
                0x000000000800371c                DMA1_Channel4_5_IRQHandler
                0x000000000800371c                TIM15_IRQHandler
                0x000000000800371c                EXTI0_1_IRQHandler
                0x000000000800371c                SPI2_IRQHandler
                0x000000000800371c                WWDG_IRQHandler
                0x000000000800371c                DMA1_Channel2_3_IRQHandler
                0x000000000800371c                FLASH_IRQHandler
 *fill*         0x000000000800371e        0x2 
 .text.charger_reset_reg_all_bit
                0x0000000008003720       0xb4 Core/_app/Src/_app_charging_service.o
 .text.charger_wake_up_seq_start.part.0
                0x00000000080037d4       0x9c Core/_app/Src/_app_charging_service.o
 .text.charger_wake_up_seq_forced_stop.part.0
                0x0000000008003870       0x3c Core/_app/Src/_app_charging_service.o
 .text.charger_wake_up_seq_control.part.0
                0x00000000080038ac       0xfc Core/_app/Src/_app_charging_service.o
 .text._APP_CHARGSERV_device_stop.part.0
                0x00000000080039a8       0x1c Core/_app/Src/_app_charging_service.o
 .text._APP_CHARGSERV_init_ok
                0x00000000080039c4       0x38 Core/_app/Src/_app_charging_service.o
                0x00000000080039c4                _APP_CHARGSERV_init_ok
 .text._APP_CHARGSERV_ready_cardtag
                0x00000000080039fc       0x34 Core/_app/Src/_app_charging_service.o
                0x00000000080039fc                _APP_CHARGSERV_ready_cardtag
 .text._APP_CHARGSERV_autoready_connected
                0x0000000008003a30       0x34 Core/_app/Src/_app_charging_service.o
                0x0000000008003a30                _APP_CHARGSERV_autoready_connected
 .text._APP_CHARGSERV_usercheck_serverconnectstart
                0x0000000008003a64       0x38 Core/_app/Src/_app_charging_service.o
                0x0000000008003a64                _APP_CHARGSERV_usercheck_serverconnectstart
 .text._APP_CHARGSERV_usercheck_user_ok
                0x0000000008003a9c       0x38 Core/_app/Src/_app_charging_service.o
                0x0000000008003a9c                _APP_CHARGSERV_usercheck_user_ok
 .text._APP_CHARGSERV_usercheck_user_retry
                0x0000000008003ad4       0x48 Core/_app/Src/_app_charging_service.o
                0x0000000008003ad4                _APP_CHARGSERV_usercheck_user_retry
 .text._APP_CHARGSERV_connect_ok
                0x0000000008003b1c       0x38 Core/_app/Src/_app_charging_service.o
                0x0000000008003b1c                _APP_CHARGSERV_connect_ok
 .text._APP_CHARGSERV_connect_timeout
                0x0000000008003b54       0x38 Core/_app/Src/_app_charging_service.o
                0x0000000008003b54                _APP_CHARGSERV_connect_timeout
 .text._APP_CHARGSERV_charging_ok
                0x0000000008003b8c       0x38 Core/_app/Src/_app_charging_service.o
                0x0000000008003b8c                _APP_CHARGSERV_charging_ok
 .text._APP_CHARGSERV_finish_ok
                0x0000000008003bc4       0x38 Core/_app/Src/_app_charging_service.o
                0x0000000008003bc4                _APP_CHARGSERV_finish_ok
 .text._APP_CHARGSERV_fault_set
                0x0000000008003bfc       0x40 Core/_app/Src/_app_charging_service.o
                0x0000000008003bfc                _APP_CHARGSERV_fault_set
 .text._APP_CHARGSERV_complete_duty_ondelay
                0x0000000008003c3c       0x2c Core/_app/Src/_app_charging_service.o
                0x0000000008003c3c                _APP_CHARGSERV_complete_duty_ondelay
 .text.charger_set_modecfg
                0x0000000008003c68      0x128 Core/_app/Src/_app_charging_service.o
                0x0000000008003c68                charger_set_modecfg
 .text._APP_CHARGSERV_wake_up_seq_init
                0x0000000008003d90       0x4c Core/_app/Src/_app_charging_service.o
                0x0000000008003d90                _APP_CHARGSERV_wake_up_seq_init
 .text._APP_CHARGSERV_state_machine
                0x0000000008003ddc      0x2a8 Core/_app/Src/_app_charging_service.o
                0x0000000008003ddc                _APP_CHARGSERV_state_machine
 .text.charger_indiled_display
                0x0000000008004084      0x1b4 Core/_app/Src/_app_charging_service.o
                0x0000000008004084                charger_indiled_display
 .text.charger_dipled_display
                0x0000000008004238       0x44 Core/_app/Src/_app_charging_service.o
                0x0000000008004238                charger_dipled_display
 .text._APP_CHARGSERV_display_loop
                0x000000000800427c       0x24 Core/_app/Src/_app_charging_service.o
                0x000000000800427c                _APP_CHARGSERV_display_loop
 .text.charger_cp_ry_control
                0x00000000080042a0       0x3c Core/_app/Src/_app_charging_service.o
                0x00000000080042a0                charger_cp_ry_control
 .text.charger_cp_state_control
                0x00000000080042dc      0x650 Core/_app/Src/_app_charging_service.o
                0x00000000080042dc                charger_cp_state_control
 .text.charger_mc_ry_control
                0x000000000800492c      0x164 Core/_app/Src/_app_charging_service.o
                0x000000000800492c                charger_mc_ry_control
 .text._APP_CHARGSERV_check_charging_cardnum
                0x0000000008004a90       0x30 Core/_app/Src/_app_charging_service.o
                0x0000000008004a90                _APP_CHARGSERV_check_charging_cardnum
 .text.charger_common_control
                0x0000000008004ac0      0x1b8 Core/_app/Src/_app_charging_service.o
                0x0000000008004ac0                charger_common_control
 .text.charger_userconfigmode_handler
                0x0000000008004c78       0xb8 Core/_app/Src/_app_charging_service.o
                0x0000000008004c78                charger_userconfigmode_handler
 .text.charger_autostartmode_handler
                0x0000000008004d30      0x15c Core/_app/Src/_app_charging_service.o
                0x0000000008004d30                charger_autostartmode_handler
 .text._APP_CHARGSERV_ctrl_loop
                0x0000000008004e8c       0x30 Core/_app/Src/_app_charging_service.o
                0x0000000008004e8c                _APP_CHARGSERV_ctrl_loop
 .text._APP_CHARGSERV_print_state
                0x0000000008004ebc       0xac Core/_app/Src/_app_charging_service.o
                0x0000000008004ebc                _APP_CHARGSERV_print_state
 .text._APP_CHARGSERV_device_stop
                0x0000000008004f68       0x28 Core/_app/Src/_app_charging_service.o
                0x0000000008004f68                _APP_CHARGSERV_device_stop
 .text._APP_CHARGSERV_set_active_Ampe
                0x0000000008004f90       0x70 Core/_app/Src/_app_charging_service.o
                0x0000000008004f90                _APP_CHARGSERV_set_active_Ampe
 .text._APP_CHARGSERV_set_voltage_rms_V
                0x0000000008005000        0xc Core/_app/Src/_app_charging_service.o
                0x0000000008005000                _APP_CHARGSERV_set_voltage_rms_V
 .text._APP_CHARGSERV_set_current_rms_A
                0x000000000800500c        0xc Core/_app/Src/_app_charging_service.o
                0x000000000800500c                _APP_CHARGSERV_set_current_rms_A
 .text.charger_emg_fault
                0x0000000008005018       0x7c Core/_app/Src/_app_charging_service.o
                0x0000000008005018                charger_emg_fault
 .text.charger_wd_fault
                0x0000000008005094      0x12c Core/_app/Src/_app_charging_service.o
                0x0000000008005094                charger_wd_fault
 .text.charger_over_voltage_fault
                0x00000000080051c0       0x90 Core/_app/Src/_app_charging_service.o
                0x00000000080051c0                charger_over_voltage_fault
 .text.charger_over_current_fault
                0x0000000008005250       0xcc Core/_app/Src/_app_charging_service.o
                0x0000000008005250                charger_over_current_fault
 .text.charger_over_temperature_under_voltage_fault
                0x000000000800531c      0x144 Core/_app/Src/_app_charging_service.o
                0x000000000800531c                charger_over_temperature_under_voltage_fault
 .text._APP_CHARGSERV_over_temperature_fault_set
                0x0000000008005460       0x14 Core/_app/Src/_app_charging_service.o
                0x0000000008005460                _APP_CHARGSERV_over_temperature_fault_set
 .text.charger_cp_fault
                0x0000000008005474       0x20 Core/_app/Src/_app_charging_service.o
                0x0000000008005474                charger_cp_fault
 .text._APP_CHARGSERV_is_leakage_fault_set
                0x0000000008005494       0x10 Core/_app/Src/_app_charging_service.o
                0x0000000008005494                _APP_CHARGSERV_is_leakage_fault_set
 .text._APP_CHARGSERV_leakage_fault_set
                0x00000000080054a4       0x70 Core/_app/Src/_app_charging_service.o
                0x00000000080054a4                _APP_CHARGSERV_leakage_fault_set
 .text._APP_CHARGSERV_fault_loop
                0x0000000008005514       0xa8 Core/_app/Src/_app_charging_service.o
                0x0000000008005514                _APP_CHARGSERV_fault_loop
 .text._APP_CHARGSERV_startup
                0x00000000080055bc      0x210 Core/_app/Src/_app_charging_service.o
                0x00000000080055bc                _APP_CHARGSERV_startup
 .text._APP_CHARGSERV_init
                0x00000000080057cc       0x30 Core/_app/Src/_app_charging_service.o
                0x00000000080057cc                _APP_CHARGSERV_init
 .text._APP_CHARGSERV_deinit
                0x00000000080057fc       0x2c Core/_app/Src/_app_charging_service.o
                0x00000000080057fc                _APP_CHARGSERV_deinit
 .text._APP_CHARGSERV_main
                0x0000000008005828       0x30 Core/_app/Src/_app_charging_service.o
                0x0000000008005828                _APP_CHARGSERV_main
 .text._APP_CHARGSERV_process
                0x0000000008005858       0x3c Core/_app/Src/_app_charging_service.o
                0x0000000008005858                _APP_CHARGSERV_process
 .text._APP_CONFIGSERV_flag
                0x0000000008005894       0x80 Core/_app/Src/_app_configration_service.o
                0x0000000008005894                _APP_CONFIGSERV_flag
 .text._APP_CONFIGSERV_startup
                0x0000000008005914       0x4c Core/_app/Src/_app_configration_service.o
                0x0000000008005914                _APP_CONFIGSERV_startup
 .text._APP_CONFIGSERV_init
                0x0000000008005960       0x2c Core/_app/Src/_app_configration_service.o
                0x0000000008005960                _APP_CONFIGSERV_init
 .text.config_state_changed_check
                0x000000000800598c       0xac Core/_app/Src/_app_configration_service.o
                0x000000000800598c                config_state_changed_check
 .text._APP_CONFIGSERV_state_machine
                0x0000000008005a38       0xe0 Core/_app/Src/_app_configration_service.o
                0x0000000008005a38                _APP_CONFIGSERV_state_machine
 .text._APP_CONFIGSERV_ctrl_loop
                0x0000000008005b18      0x2c8 Core/_app/Src/_app_configration_service.o
                0x0000000008005b18                _APP_CONFIGSERV_ctrl_loop
 .text._APP_CONFIGSERV_display_loop
                0x0000000008005de0       0x40 Core/_app/Src/_app_configration_service.o
                0x0000000008005de0                _APP_CONFIGSERV_display_loop
 .text._APP_CONFIGSERV_process
                0x0000000008005e20       0x44 Core/_app/Src/_app_configration_service.o
                0x0000000008005e20                _APP_CONFIGSERV_process
 .text._APP_CHARGSERV_check_Irms_loop
                0x0000000008005e64      0x158 Core/_app/Src/_app_metering_service.o
                0x0000000008005e64                _APP_CHARGSERV_check_Irms_loop
 .text._APP_CHARGSERV_check_Vrms_loop
                0x0000000008005fbc       0xe4 Core/_app/Src/_app_metering_service.o
                0x0000000008005fbc                _APP_CHARGSERV_check_Vrms_loop
 .text._APP_METERING_startup
                0x00000000080060a0       0x30 Core/_app/Src/_app_metering_service.o
                0x00000000080060a0                _APP_METERING_startup
 .text._APP_METERING_process
                0x00000000080060d0       0x44 Core/_app/Src/_app_metering_service.o
                0x00000000080060d0                _APP_METERING_process
 .text._system_go_to_process_delay
                0x0000000008006114       0x38 Core/_app/Src/_app_nonos_loop.o
                0x0000000008006114                _system_go_to_process_delay
 .text.acevsesystem
                0x000000000800614c       0x94 Core/_app/Src/_app_nonos_loop.o
                0x000000000800614c                acevsesystem
 .text.rfid_frame_search
                0x00000000080061e0       0xac Core/_app/Src/_app_rfid_comm.o
                0x00000000080061e0                rfid_frame_search
 .text.rfid_read_card_id
                0x000000000800628c       0x64 Core/_app/Src/_app_rfid_comm.o
                0x000000000800628c                rfid_read_card_id
 .text.rfid_reader_terminate
                0x00000000080062f0       0x40 Core/_app/Src/_app_rfid_comm.o
                0x00000000080062f0                rfid_reader_terminate
 .text.rfid_reader_version
                0x0000000008006330       0x58 Core/_app/Src/_app_rfid_comm.o
                0x0000000008006330                rfid_reader_version
 .text.rfid_reader_status
                0x0000000008006388       0x30 Core/_app/Src/_app_rfid_comm.o
                0x0000000008006388                rfid_reader_status
 .text._APP_RFID_push_ringbuffer
                0x00000000080063b8       0x30 Core/_app/Src/_app_rfid_comm.o
                0x00000000080063b8                _APP_RFID_push_ringbuffer
 .text._APP_RFID_req
                0x00000000080063e8       0x68 Core/_app/Src/_app_rfid_comm.o
                0x00000000080063e8                _APP_RFID_req
 .text.rfid_main_processing
                0x0000000008006450       0xf0 Core/_app/Src/_app_rfid_comm.o
                0x0000000008006450                rfid_main_processing
 .text._APP_RFID_located_in_timer
                0x0000000008006540       0x40 Core/_app/Src/_app_rfid_comm.o
                0x0000000008006540                _APP_RFID_located_in_timer
 .text._APP_RFID_state_machine
                0x0000000008006580      0x11c Core/_app/Src/_app_rfid_comm.o
                0x0000000008006580                _APP_RFID_state_machine
 .text._APP_RFID_set_start_tagging
                0x000000000800669c       0x58 Core/_app/Src/_app_rfid_comm.o
                0x000000000800669c                _APP_RFID_set_start_tagging
 .text._APP_RFID_get_tagging_result
                0x00000000080066f4       0x24 Core/_app/Src/_app_rfid_comm.o
                0x00000000080066f4                _APP_RFID_get_tagging_result
 .text._APP_RFID_get_card_number
                0x0000000008006718       0x98 Core/_app/Src/_app_rfid_comm.o
                0x0000000008006718                _APP_RFID_get_card_number
 .text._APP_RFID_is_init_ok
                0x00000000080067b0       0x10 Core/_app/Src/_app_rfid_comm.o
                0x00000000080067b0                _APP_RFID_is_init_ok
 .text._APP_RFID_startup
                0x00000000080067c0       0x44 Core/_app/Src/_app_rfid_comm.o
                0x00000000080067c0                _APP_RFID_startup
 .text._APP_RFID_comm_process
                0x0000000008006804       0x34 Core/_app/Src/_app_rfid_comm.o
                0x0000000008006804                _APP_RFID_comm_process
 .text._APP_SYSTEMCTL_framesearch
                0x0000000008006838      0x150 Core/_app/Src/_app_system_control.o
                0x0000000008006838                _APP_SYSTEMCTL_framesearch
 .text._APP_SYSTEMCTL_req
                0x0000000008006988       0xb8 Core/_app/Src/_app_system_control.o
                0x0000000008006988                _APP_SYSTEMCTL_req
 .text._APP_SYSTEMCTL_push_ringbuffer
                0x0000000008006a40       0x10 Core/_app/Src/_app_system_control.o
                0x0000000008006a40                _APP_SYSTEMCTL_push_ringbuffer
 .text.config_write_common_command
                0x0000000008006a50      0x168 Core/_app/Src/_app_system_control.o
                0x0000000008006a50                config_write_common_command
 .text.config_write_command_parser
                0x0000000008006bb8       0x84 Core/_app/Src/_app_system_control.o
                0x0000000008006bb8                config_write_command_parser
 .text.config_read_command_parser
                0x0000000008006c3c       0x34 Core/_app/Src/_app_system_control.o
                0x0000000008006c3c                config_read_command_parser
 .text.config_main_processing
                0x0000000008006c70       0x38 Core/_app/Src/_app_system_control.o
                0x0000000008006c70                config_main_processing
 .text.check_temp_loop
                0x0000000008006ca8       0x1c Core/_app/Src/_app_system_control.o
                0x0000000008006ca8                check_temp_loop
 .text._APP_SYSTEMCTL_check_cardnum
                0x0000000008006cc4       0x60 Core/_app/Src/_app_system_control.o
                0x0000000008006cc4                _APP_SYSTEMCTL_check_cardnum
 .text._APP_SYSTEMCTL_startup
                0x0000000008006d24      0x100 Core/_app/Src/_app_system_control.o
                0x0000000008006d24                _APP_SYSTEMCTL_startup
 .text._APP_SYSTEMCTL_main
                0x0000000008006e24       0x20 Core/_app/Src/_app_system_control.o
                0x0000000008006e24                _APP_SYSTEMCTL_main
 .text._APP_SYSTEMCTL_process
                0x0000000008006e44       0x34 Core/_app/Src/_app_system_control.o
                0x0000000008006e44                _APP_SYSTEMCTL_process
 .text._LIB_LPF_init
                0x0000000008006e78       0x10 Core/_lib/Src/_lib_LPF.o
                0x0000000008006e78                _LIB_LPF_init
 .text._LIB_LPF_calc
                0x0000000008006e88       0x24 Core/_lib/Src/_lib_LPF.o
                0x0000000008006e88                _LIB_LPF_calc
 .text._LIB_BITOP_ext_u16_to_u8one
                0x0000000008006eac        0x8 Core/_lib/Src/_lib_bitop.o
                0x0000000008006eac                _LIB_BITOP_ext_u16_to_u8one
 .text._LIB_DEBOUNCECHECK_init
                0x0000000008006eb4       0x14 Core/_lib/Src/_lib_debouncecheck.o
                0x0000000008006eb4                _LIB_DEBOUNCECHECK_init
 .text._LIB_DEBOUNCECHECK_push
                0x0000000008006ec8        0x4 Core/_lib/Src/_lib_debouncecheck.o
                0x0000000008006ec8                _LIB_DEBOUNCECHECK_push
 .text._LIB_DEBOUNCECHECK_shift
                0x0000000008006ecc       0x1c Core/_lib/Src/_lib_debouncecheck.o
                0x0000000008006ecc                _LIB_DEBOUNCECHECK_shift
 .text._LIB_DEBOUNCECHECK_compare
                0x0000000008006ee8       0x3c Core/_lib/Src/_lib_debouncecheck.o
                0x0000000008006ee8                _LIB_DEBOUNCECHECK_compare
 .text._write   0x0000000008006f24       0x28 Core/_lib/Src/_lib_logging.o
                0x0000000008006f24                _write
 .text._LIB_U8QUEUE_comFlush
                0x0000000008006f4c        0xc Core/_lib/Src/_lib_u8queue.o
                0x0000000008006f4c                _LIB_U8QUEUE_comFlush
 .text._LIB_U8QUEUE_comLen
                0x0000000008006f58       0x24 Core/_lib/Src/_lib_u8queue.o
                0x0000000008006f58                _LIB_U8QUEUE_comLen
 .text._LIB_U8QUEUE_get_byte
                0x0000000008006f7c       0x18 Core/_lib/Src/_lib_u8queue.o
                0x0000000008006f7c                _LIB_U8QUEUE_get_byte
 .text._LIB_U8QUEUE_get_word
                0x0000000008006f94       0x3c Core/_lib/Src/_lib_u8queue.o
                0x0000000008006f94                _LIB_U8QUEUE_get_word
 .text._LIB_U8QUEUE_inc_pointer
                0x0000000008006fd0       0x14 Core/_lib/Src/_lib_u8queue.o
                0x0000000008006fd0                _LIB_U8QUEUE_inc_pointer
 .text._LIB_U8QUEUE_push_ring
                0x0000000008006fe4       0x20 Core/_lib/Src/_lib_u8queue.o
                0x0000000008006fe4                _LIB_U8QUEUE_push_ring
 .text._LIB_USERDELAY_tickcount
                0x0000000008007004       0x10 Core/_lib/Src/_lib_userdelay.o
                0x0000000008007004                _LIB_USERDELAY_tickcount
 .text._LIB_USERDLEAY_gettick
                0x0000000008007014        0xc Core/_lib/Src/_lib_userdelay.o
                0x0000000008007014                _LIB_USERDLEAY_gettick
 .text._LIB_USERDELAY_set
                0x0000000008007020       0x14 Core/_lib/Src/_lib_userdelay.o
                0x0000000008007020                _LIB_USERDELAY_set
 .text._LIB_USERDELAY_start
                0x0000000008007034       0x20 Core/_lib/Src/_lib_userdelay.o
                0x0000000008007034                _LIB_USERDELAY_start
 .text._LIB_USERDELAY_stop
                0x0000000008007054        0x8 Core/_lib/Src/_lib_userdelay.o
                0x0000000008007054                _LIB_USERDELAY_stop
 .text._LIB_USERDELAY_isfired
                0x000000000800705c       0x20 Core/_lib/Src/_lib_userdelay.o
                0x000000000800705c                _LIB_USERDELAY_isfired
 .text._MW_CP_init
                0x000000000800707c       0x9c Core/_mw/Src/_mw_cp.o
                0x000000000800707c                _MW_CP_init
 .text._MW_CP_change_duty
                0x0000000008007118       0x68 Core/_mw/Src/_mw_cp.o
                0x0000000008007118                _MW_CP_change_duty
 .text._MW_CP_set_pwm_duty
                0x0000000008007180       0x38 Core/_mw/Src/_mw_cp.o
                0x0000000008007180                _MW_CP_set_pwm_duty
 .text._MW_CP_get_h_final_voltage
                0x00000000080071b8        0xc Core/_mw/Src/_mw_cp.o
                0x00000000080071b8                _MW_CP_get_h_final_voltage
 .text._MW_CP_get_l_final_voltage
                0x00000000080071c4        0xc Core/_mw/Src/_mw_cp.o
                0x00000000080071c4                _MW_CP_get_l_final_voltage
 .text._MW_CP_cp_relay_ctl
                0x00000000080071d0       0x4c Core/_mw/Src/_mw_cp.o
                0x00000000080071d0                _MW_CP_cp_relay_ctl
 .text._MW_CP_mc_relay_clear
                0x000000000800721c       0x3c Core/_mw/Src/_mw_cp.o
                0x000000000800721c                _MW_CP_mc_relay_clear
 .text._MW_CP_mc_relay_ctl
                0x0000000008007258       0x6c Core/_mw/Src/_mw_cp.o
                0x0000000008007258                _MW_CP_mc_relay_ctl
 .text._MW_CP_mc_relay_off_fast
                0x00000000080072c4       0x38 Core/_mw/Src/_mw_cp.o
                0x00000000080072c4                _MW_CP_mc_relay_off_fast
 .text._MW_CP_get_mc_relay_state
                0x00000000080072fc       0x14 Core/_mw/Src/_mw_cp.o
                0x00000000080072fc                _MW_CP_get_mc_relay_state
 .text._MW_CP_get_cp_state
                0x0000000008007310        0xc Core/_mw/Src/_mw_cp.o
                0x0000000008007310                _MW_CP_get_cp_state
 .text._MW_CP_cal_ampe_to_duty
                0x000000000800731c       0x50 Core/_mw/Src/_mw_cp.o
                0x000000000800731c                _MW_CP_cal_ampe_to_duty
 .text._MW_CP_print_cp_state
                0x000000000800736c       0xcc Core/_mw/Src/_mw_cp.o
                0x000000000800736c                _MW_CP_print_cp_state
 .text._MW_CP_average_adc
                0x0000000008007438       0xb0 Core/_mw/Src/_mw_cp.o
                0x0000000008007438                _MW_CP_average_adc
 .text._MW_CP_calculate_adc
                0x00000000080074e8       0xb0 Core/_mw/Src/_mw_cp.o
                0x00000000080074e8                _MW_CP_calculate_adc
 .text._MW_CP_calculate_state
                0x0000000008007598      0x128 Core/_mw/Src/_mw_cp.o
                0x0000000008007598                _MW_CP_calculate_state
 .text._MW_CP_main
                0x00000000080076c0       0x14 Core/_mw/Src/_mw_cp.o
                0x00000000080076c0                _MW_CP_main
 .text.ee24_write.part.0
                0x00000000080076d4       0xc0 Core/_mw/Src/_mw_eeprom.o
 .text.ee24_write
                0x0000000008007794       0x18 Core/_mw/Src/_mw_eeprom.o
                0x0000000008007794                ee24_write
 .text.ee24_read
                0x00000000080077ac       0x68 Core/_mw/Src/_mw_eeprom.o
                0x00000000080077ac                ee24_read
 .text._MW_GPIO_init
                0x0000000008007814       0x28 Core/_mw/Src/_mw_gpio.o
                0x0000000008007814                _MW_GPIO_init
 .text.update_gpo
                0x000000000800783c      0x10c Core/_mw/Src/_mw_gpio.o
                0x000000000800783c                update_gpo
 .text.update_gpi
                0x0000000008007948      0x13c Core/_mw/Src/_mw_gpio.o
                0x0000000008007948                update_gpi
 .text._MW_GPIO_set_gpo
                0x0000000008007a84       0xb0 Core/_mw/Src/_mw_gpio.o
                0x0000000008007a84                _MW_GPIO_set_gpo
 .text._MW_GPIO_get_gpo
                0x0000000008007b34       0x68 Core/_mw/Src/_mw_gpio.o
                0x0000000008007b34                _MW_GPIO_get_gpo
 .text._MW_GPIO_get_gpi
                0x0000000008007b9c       0x54 Core/_mw/Src/_mw_gpio.o
                0x0000000008007b9c                _MW_GPIO_get_gpi
 .text._MW_GPIO_update
                0x0000000008007bf0        0xc Core/_mw/Src/_mw_gpio.o
                0x0000000008007bf0                _MW_GPIO_update
 .text._MW_INDILED_sled_ctl
                0x0000000008007bfc       0x80 Core/_mw/Src/_mw_indiled.o
                0x0000000008007bfc                _MW_INDILED_sled_ctl
 .text._MW_INDILED_init
                0x0000000008007c7c        0xc Core/_mw/Src/_mw_indiled.o
                0x0000000008007c7c                _MW_INDILED_init
 .text._MW_IT_init
                0x0000000008007c88       0x40 Core/_mw/Src/_mw_it.o
                0x0000000008007c88                _MW_IT_init
 .text.HAL_UART_RxCpltCallback
                0x0000000008007cc8       0x5c Core/_mw/Src/_mw_it.o
                0x0000000008007cc8                HAL_UART_RxCpltCallback
 .text.HAL_TIM_PeriodElapsedCallback
                0x0000000008007d24       0x4c Core/_mw/Src/_mw_it.o
                0x0000000008007d24                HAL_TIM_PeriodElapsedCallback
 .text.HAL_TIM_PWM_PulseFinishedCallback
                0x0000000008007d70       0x1c Core/_mw/Src/_mw_it.o
                0x0000000008007d70                HAL_TIM_PWM_PulseFinishedCallback
 .text.HAL_TIM_OC_DelayElapsedCallback
                0x0000000008007d8c      0x150 Core/_mw/Src/_mw_it.o
                0x0000000008007d8c                HAL_TIM_OC_DelayElapsedCallback
 .text._MW_NTC_get_temp
                0x0000000008007edc        0xc Core/_mw/Src/_mw_ntc.o
                0x0000000008007edc                _MW_NTC_get_temp
 .text._MW_NTC_cal_temp
                0x0000000008007ee8       0x94 Core/_mw/Src/_mw_ntc.o
                0x0000000008007ee8                _MW_NTC_cal_temp
 .text._MW_NTC_loop
                0x0000000008007f7c       0x3c Core/_mw/Src/_mw_ntc.o
                0x0000000008007f7c                _MW_NTC_loop
 .text._MW_PWM_init
                0x0000000008007fb8       0x10 Core/_mw/Src/_mw_pwm.o
                0x0000000008007fb8                _MW_PWM_init
 .text._MW_PWM_set_duty
                0x0000000008007fc8       0x7c Core/_mw/Src/_mw_pwm.o
                0x0000000008007fc8                _MW_PWM_set_duty
 .text._MW_UART_tx01
                0x0000000008008044       0x18 Core/_mw/Src/_mw_uart.o
                0x0000000008008044                _MW_UART_tx01
 .text._MW_UART_tx02
                0x000000000800805c       0x18 Core/_mw/Src/_mw_uart.o
                0x000000000800805c                _MW_UART_tx02
 .text.HAL_InitTick
                0x0000000008008074       0x4c Drivers/STM32F0xx_HAL_Driver/Src/stm32f0xx_hal.o
                0x0000000008008074                HAL_InitTick
 .text.HAL_Init
                0x00000000080080c0       0x20 Drivers/STM32F0xx_HAL_Driver/Src/stm32f0xx_hal.o
                0x00000000080080c0                HAL_Init
 .text.HAL_IncTick
                0x00000000080080e0       0x18 Drivers/STM32F0xx_HAL_Driver/Src/stm32f0xx_hal.o
                0x00000000080080e0                HAL_IncTick
 .text.HAL_GetTick
                0x00000000080080f8        0xc Drivers/STM32F0xx_HAL_Driver/Src/stm32f0xx_hal.o
                0x00000000080080f8                HAL_GetTick
 .text.HAL_Delay
                0x0000000008008104       0x24 Drivers/STM32F0xx_HAL_Driver/Src/stm32f0xx_hal.o
                0x0000000008008104                HAL_Delay
 .text.ADC_Enable
                0x0000000008008128       0xb4 Drivers/STM32F0xx_HAL_Driver/Src/stm32f0xx_hal_adc.o
 .text.HAL_ADC_Init
                0x00000000080081dc      0x154 Drivers/STM32F0xx_HAL_Driver/Src/stm32f0xx_hal_adc.o
                0x00000000080081dc                HAL_ADC_Init
 .text.HAL_ADC_Start_DMA
                0x0000000008008330       0x94 Drivers/STM32F0xx_HAL_Driver/Src/stm32f0xx_hal_adc.o
                0x0000000008008330                HAL_ADC_Start_DMA
 .text.HAL_ADC_ConvCpltCallback
                0x00000000080083c4        0x4 Drivers/STM32F0xx_HAL_Driver/Src/stm32f0xx_hal_adc.o
                0x00000000080083c4                HAL_ADC_ConvCpltCallback
 .text.ADC_DMAConvCplt
                0x00000000080083c8       0x74 Drivers/STM32F0xx_HAL_Driver/Src/stm32f0xx_hal_adc.o
 .text.HAL_ADC_ConvHalfCpltCallback
                0x000000000800843c        0x4 Drivers/STM32F0xx_HAL_Driver/Src/stm32f0xx_hal_adc.o
                0x000000000800843c                HAL_ADC_ConvHalfCpltCallback
 .text.ADC_DMAHalfConvCplt
                0x0000000008008440        0xc Drivers/STM32F0xx_HAL_Driver/Src/stm32f0xx_hal_adc.o
 .text.HAL_ADC_ErrorCallback
                0x000000000800844c        0x4 Drivers/STM32F0xx_HAL_Driver/Src/stm32f0xx_hal_adc.o
                0x000000000800844c                HAL_ADC_ErrorCallback
 .text.ADC_DMAError
                0x0000000008008450       0x1c Drivers/STM32F0xx_HAL_Driver/Src/stm32f0xx_hal_adc.o
 .text.HAL_ADC_ConfigChannel
                0x000000000800846c      0x100 Drivers/STM32F0xx_HAL_Driver/Src/stm32f0xx_hal_adc.o
                0x000000000800846c                HAL_ADC_ConfigChannel
 .text.HAL_ADCEx_Calibration_Start
                0x000000000800856c       0xb4 Drivers/STM32F0xx_HAL_Driver/Src/stm32f0xx_hal_adc_ex.o
                0x000000000800856c                HAL_ADCEx_Calibration_Start
 .text.HAL_NVIC_SetPriority
                0x0000000008008620       0x64 Drivers/STM32F0xx_HAL_Driver/Src/stm32f0xx_hal_cortex.o
                0x0000000008008620                HAL_NVIC_SetPriority
 .text.HAL_NVIC_EnableIRQ
                0x0000000008008684       0x18 Drivers/STM32F0xx_HAL_Driver/Src/stm32f0xx_hal_cortex.o
                0x0000000008008684                HAL_NVIC_EnableIRQ
 .text.HAL_SYSTICK_Config
                0x000000000800869c       0x34 Drivers/STM32F0xx_HAL_Driver/Src/stm32f0xx_hal_cortex.o
                0x000000000800869c                HAL_SYSTICK_Config
 .text.HAL_DMA_Init
                0x00000000080086d0       0x68 Drivers/STM32F0xx_HAL_Driver/Src/stm32f0xx_hal_dma.o
                0x00000000080086d0                HAL_DMA_Init
 .text.HAL_DMA_Start_IT
                0x0000000008008738       0x80 Drivers/STM32F0xx_HAL_Driver/Src/stm32f0xx_hal_dma.o
                0x0000000008008738                HAL_DMA_Start_IT
 .text.HAL_DMA_Abort
                0x00000000080087b8       0x40 Drivers/STM32F0xx_HAL_Driver/Src/stm32f0xx_hal_dma.o
                0x00000000080087b8                HAL_DMA_Abort
 .text.HAL_DMA_Abort_IT
                0x00000000080087f8       0x48 Drivers/STM32F0xx_HAL_Driver/Src/stm32f0xx_hal_dma.o
                0x00000000080087f8                HAL_DMA_Abort_IT
 .text.HAL_DMA_IRQHandler
                0x0000000008008840       0x9c Drivers/STM32F0xx_HAL_Driver/Src/stm32f0xx_hal_dma.o
                0x0000000008008840                HAL_DMA_IRQHandler
 .text.HAL_GPIO_Init
                0x00000000080088dc      0x1e8 Drivers/STM32F0xx_HAL_Driver/Src/stm32f0xx_hal_gpio.o
                0x00000000080088dc                HAL_GPIO_Init
 .text.HAL_GPIO_ReadPin
                0x0000000008008ac4        0xc Drivers/STM32F0xx_HAL_Driver/Src/stm32f0xx_hal_gpio.o
                0x0000000008008ac4                HAL_GPIO_ReadPin
 .text.HAL_GPIO_WritePin
                0x0000000008008ad0        0xc Drivers/STM32F0xx_HAL_Driver/Src/stm32f0xx_hal_gpio.o
                0x0000000008008ad0                HAL_GPIO_WritePin
 .text.I2C_IsAcknowledgeFailed
                0x0000000008008adc       0xa0 Drivers/STM32F0xx_HAL_Driver/Src/stm32f0xx_hal_i2c.o
 .text.I2C_WaitOnTXISFlagUntilTimeout
                0x0000000008008b7c       0x58 Drivers/STM32F0xx_HAL_Driver/Src/stm32f0xx_hal_i2c.o
 .text.I2C_WaitOnSTOPFlagUntilTimeout
                0x0000000008008bd4       0x54 Drivers/STM32F0xx_HAL_Driver/Src/stm32f0xx_hal_i2c.o
 .text.I2C_WaitOnFlagUntilTimeout
                0x0000000008008c28       0x5c Drivers/STM32F0xx_HAL_Driver/Src/stm32f0xx_hal_i2c.o
 .text.I2C_RequestMemoryWrite
                0x0000000008008c84       0x78 Drivers/STM32F0xx_HAL_Driver/Src/stm32f0xx_hal_i2c.o
 .text.I2C_RequestMemoryRead
                0x0000000008008cfc       0x78 Drivers/STM32F0xx_HAL_Driver/Src/stm32f0xx_hal_i2c.o
 .text.HAL_I2C_Init
                0x0000000008008d74       0xb4 Drivers/STM32F0xx_HAL_Driver/Src/stm32f0xx_hal_i2c.o
                0x0000000008008d74                HAL_I2C_Init
 .text.HAL_I2C_Mem_Write
                0x0000000008008e28      0x1bc Drivers/STM32F0xx_HAL_Driver/Src/stm32f0xx_hal_i2c.o
                0x0000000008008e28                HAL_I2C_Mem_Write
 .text.HAL_I2C_Mem_Read
                0x0000000008008fe4      0x1cc Drivers/STM32F0xx_HAL_Driver/Src/stm32f0xx_hal_i2c.o
                0x0000000008008fe4                HAL_I2C_Mem_Read
 .text.HAL_I2CEx_ConfigAnalogFilter
                0x00000000080091b0       0x50 Drivers/STM32F0xx_HAL_Driver/Src/stm32f0xx_hal_i2c_ex.o
                0x00000000080091b0                HAL_I2CEx_ConfigAnalogFilter
 .text.HAL_I2CEx_ConfigDigitalFilter
                0x0000000008009200       0x4c Drivers/STM32F0xx_HAL_Driver/Src/stm32f0xx_hal_i2c_ex.o
                0x0000000008009200                HAL_I2CEx_ConfigDigitalFilter
 .text.HAL_RCC_OscConfig
                0x000000000800924c      0x4b4 Drivers/STM32F0xx_HAL_Driver/Src/stm32f0xx_hal_rcc.o
                0x000000000800924c                HAL_RCC_OscConfig
 .text.HAL_RCC_GetSysClockFreq
                0x0000000008009700       0x70 Drivers/STM32F0xx_HAL_Driver/Src/stm32f0xx_hal_rcc.o
                0x0000000008009700                HAL_RCC_GetSysClockFreq
 .text.HAL_RCC_ClockConfig
                0x0000000008009770      0x118 Drivers/STM32F0xx_HAL_Driver/Src/stm32f0xx_hal_rcc.o
                0x0000000008009770                HAL_RCC_ClockConfig
 .text.HAL_RCC_GetPCLK1Freq
                0x0000000008009888       0x20 Drivers/STM32F0xx_HAL_Driver/Src/stm32f0xx_hal_rcc.o
                0x0000000008009888                HAL_RCC_GetPCLK1Freq
 .text.HAL_RCCEx_PeriphCLKConfig
                0x00000000080098a8      0x12c Drivers/STM32F0xx_HAL_Driver/Src/stm32f0xx_hal_rcc_ex.o
                0x00000000080098a8                HAL_RCCEx_PeriphCLKConfig
 .text.TIM_OC1_SetConfig
                0x00000000080099d4       0x70 Drivers/STM32F0xx_HAL_Driver/Src/stm32f0xx_hal_tim.o
 .text.TIM_OC3_SetConfig
                0x0000000008009a44       0x88 Drivers/STM32F0xx_HAL_Driver/Src/stm32f0xx_hal_tim.o
 .text.TIM_OC4_SetConfig
                0x0000000008009acc       0x74 Drivers/STM32F0xx_HAL_Driver/Src/stm32f0xx_hal_tim.o
 .text.HAL_TIM_Base_Start_IT
                0x0000000008009b40       0x5c Drivers/STM32F0xx_HAL_Driver/Src/stm32f0xx_hal_tim.o
                0x0000000008009b40                HAL_TIM_Base_Start_IT
 .text.HAL_TIM_OC_Start_IT
                0x0000000008009b9c       0xe0 Drivers/STM32F0xx_HAL_Driver/Src/stm32f0xx_hal_tim.o
                0x0000000008009b9c                HAL_TIM_OC_Start_IT
 .text.HAL_TIM_OC_Stop_IT
                0x0000000008009c7c       0xec Drivers/STM32F0xx_HAL_Driver/Src/stm32f0xx_hal_tim.o
                0x0000000008009c7c                HAL_TIM_OC_Stop_IT
 .text.HAL_TIM_PWM_Start_IT
                0x0000000008009d68        0x8 Drivers/STM32F0xx_HAL_Driver/Src/stm32f0xx_hal_tim.o
                0x0000000008009d68                HAL_TIM_PWM_Start_IT
 .text.HAL_TIM_PWM_Stop_IT
                0x0000000008009d70        0x8 Drivers/STM32F0xx_HAL_Driver/Src/stm32f0xx_hal_tim.o
                0x0000000008009d70                HAL_TIM_PWM_Stop_IT
 .text.HAL_TIM_IC_CaptureCallback
                0x0000000008009d78        0x4 Drivers/STM32F0xx_HAL_Driver/Src/stm32f0xx_hal_tim.o
                0x0000000008009d78                HAL_TIM_IC_CaptureCallback
 .text.HAL_TIM_TriggerCallback
                0x0000000008009d7c        0x4 Drivers/STM32F0xx_HAL_Driver/Src/stm32f0xx_hal_tim.o
                0x0000000008009d7c                HAL_TIM_TriggerCallback
 .text.HAL_TIM_IRQHandler
                0x0000000008009d80      0x158 Drivers/STM32F0xx_HAL_Driver/Src/stm32f0xx_hal_tim.o
                0x0000000008009d80                HAL_TIM_IRQHandler
 .text.TIM_Base_SetConfig
                0x0000000008009ed8       0x94 Drivers/STM32F0xx_HAL_Driver/Src/stm32f0xx_hal_tim.o
                0x0000000008009ed8                TIM_Base_SetConfig
 .text.HAL_TIM_OC_Init
                0x0000000008009f6c       0x58 Drivers/STM32F0xx_HAL_Driver/Src/stm32f0xx_hal_tim.o
                0x0000000008009f6c                HAL_TIM_OC_Init
 .text.HAL_TIM_PWM_Init
                0x0000000008009fc4       0x58 Drivers/STM32F0xx_HAL_Driver/Src/stm32f0xx_hal_tim.o
                0x0000000008009fc4                HAL_TIM_PWM_Init
 .text.TIM_OC2_SetConfig
                0x000000000800a01c       0x80 Drivers/STM32F0xx_HAL_Driver/Src/stm32f0xx_hal_tim.o
                0x000000000800a01c                TIM_OC2_SetConfig
 .text.HAL_TIM_OC_ConfigChannel
                0x000000000800a09c       0x58 Drivers/STM32F0xx_HAL_Driver/Src/stm32f0xx_hal_tim.o
                0x000000000800a09c                HAL_TIM_OC_ConfigChannel
 .text.HAL_TIM_PWM_ConfigChannel
                0x000000000800a0f4       0xd0 Drivers/STM32F0xx_HAL_Driver/Src/stm32f0xx_hal_tim.o
                0x000000000800a0f4                HAL_TIM_PWM_ConfigChannel
 .text.HAL_TIMEx_MasterConfigSynchronization
                0x000000000800a1c4       0x5c Drivers/STM32F0xx_HAL_Driver/Src/stm32f0xx_hal_tim_ex.o
                0x000000000800a1c4                HAL_TIMEx_MasterConfigSynchronization
 .text.HAL_TIMEx_ConfigBreakDeadTime
                0x000000000800a220       0x64 Drivers/STM32F0xx_HAL_Driver/Src/stm32f0xx_hal_tim_ex.o
                0x000000000800a220                HAL_TIMEx_ConfigBreakDeadTime
 .text.HAL_TIMEx_CommutCallback
                0x000000000800a284        0x4 Drivers/STM32F0xx_HAL_Driver/Src/stm32f0xx_hal_tim_ex.o
                0x000000000800a284                HAL_TIMEx_CommutCallback
 .text.HAL_TIMEx_BreakCallback
                0x000000000800a288        0x4 Drivers/STM32F0xx_HAL_Driver/Src/stm32f0xx_hal_tim_ex.o
                0x000000000800a288                HAL_TIMEx_BreakCallback
 .text.UART_EndRxTransfer
                0x000000000800a28c       0x5c Drivers/STM32F0xx_HAL_Driver/Src/stm32f0xx_hal_uart.o
 .text.HAL_UART_TxCpltCallback
                0x000000000800a2e8        0x4 Drivers/STM32F0xx_HAL_Driver/Src/stm32f0xx_hal_uart.o
                0x000000000800a2e8                HAL_UART_TxCpltCallback
 .text.HAL_UART_ErrorCallback
                0x000000000800a2ec        0x4 Drivers/STM32F0xx_HAL_Driver/Src/stm32f0xx_hal_uart.o
                0x000000000800a2ec                HAL_UART_ErrorCallback
 .text.UART_DMAAbortOnError
                0x000000000800a2f0       0x14 Drivers/STM32F0xx_HAL_Driver/Src/stm32f0xx_hal_uart.o
 .text.HAL_UARTEx_RxEventCallback
                0x000000000800a304        0x4 Drivers/STM32F0xx_HAL_Driver/Src/stm32f0xx_hal_uart.o
                0x000000000800a304                HAL_UARTEx_RxEventCallback
 .text.HAL_UART_IRQHandler
                0x000000000800a308      0x2c4 Drivers/STM32F0xx_HAL_Driver/Src/stm32f0xx_hal_uart.o
                0x000000000800a308                HAL_UART_IRQHandler
 .text.UART_RxISR_8BIT.part.0
                0x000000000800a5cc       0x74 Drivers/STM32F0xx_HAL_Driver/Src/stm32f0xx_hal_uart.o
 .text.UART_RxISR_16BIT
                0x000000000800a640       0x3c Drivers/STM32F0xx_HAL_Driver/Src/stm32f0xx_hal_uart.o
 .text.UART_RxISR_8BIT
                0x000000000800a67c       0x40 Drivers/STM32F0xx_HAL_Driver/Src/stm32f0xx_hal_uart.o
 .text.UART_SetConfig
                0x000000000800a6bc      0x13c Drivers/STM32F0xx_HAL_Driver/Src/stm32f0xx_hal_uart.o
                0x000000000800a6bc                UART_SetConfig
 .text.UART_AdvFeatureConfig
                0x000000000800a7f8       0xd0 Drivers/STM32F0xx_HAL_Driver/Src/stm32f0xx_hal_uart.o
                0x000000000800a7f8                UART_AdvFeatureConfig
 .text.UART_WaitOnFlagUntilTimeout
                0x000000000800a8c8       0xfc Drivers/STM32F0xx_HAL_Driver/Src/stm32f0xx_hal_uart.o
                0x000000000800a8c8                UART_WaitOnFlagUntilTimeout
 .text.HAL_UART_Transmit
                0x000000000800a9c4       0xf0 Drivers/STM32F0xx_HAL_Driver/Src/stm32f0xx_hal_uart.o
                0x000000000800a9c4                HAL_UART_Transmit
 .text.UART_CheckIdleState
                0x000000000800aab4       0x70 Drivers/STM32F0xx_HAL_Driver/Src/stm32f0xx_hal_uart.o
                0x000000000800aab4                UART_CheckIdleState
 .text.HAL_UART_Init
                0x000000000800ab24       0x68 Drivers/STM32F0xx_HAL_Driver/Src/stm32f0xx_hal_uart.o
                0x000000000800ab24                HAL_UART_Init
 .text.UART_Start_Receive_IT
                0x000000000800ab8c       0xb0 Drivers/STM32F0xx_HAL_Driver/Src/stm32f0xx_hal_uart.o
                0x000000000800ab8c                UART_Start_Receive_IT
 .text.HAL_UART_Receive_IT
                0x000000000800ac3c       0x64 Drivers/STM32F0xx_HAL_Driver/Src/stm32f0xx_hal_uart.o
                0x000000000800ac3c                HAL_UART_Receive_IT
 .text.__errno  0x000000000800aca0        0xc c:/st/stm32cubeide_1.6.1/stm32cubeide/plugins/com.st.stm32cube.ide.mcu.externaltools.gnu-tools-for-stm32.9-2020-q2-update.win32_1.5.0.202011040924/tools/bin/../lib/gcc/arm-none-eabi/9.3.1/../../../../arm-none-eabi/lib/thumb/v6-m/nofp\libc_nano.a(lib_a-errno.o)
                0x000000000800aca0                __errno
 .text.__libc_init_array
                0x000000000800acac       0x48 c:/st/stm32cubeide_1.6.1/stm32cubeide/plugins/com.st.stm32cube.ide.mcu.externaltools.gnu-tools-for-stm32.9-2020-q2-update.win32_1.5.0.202011040924/tools/bin/../lib/gcc/arm-none-eabi/9.3.1/../../../../arm-none-eabi/lib/thumb/v6-m/nofp\libc_nano.a(lib_a-init.o)
                0x000000000800acac                __libc_init_array
 .text.memcpy   0x000000000800acf4       0x12 c:/st/stm32cubeide_1.6.1/stm32cubeide/plugins/com.st.stm32cube.ide.mcu.externaltools.gnu-tools-for-stm32.9-2020-q2-update.win32_1.5.0.202011040924/tools/bin/../lib/gcc/arm-none-eabi/9.3.1/../../../../arm-none-eabi/lib/thumb/v6-m/nofp\libc_nano.a(lib_a-memcpy-stub.o)
                0x000000000800acf4                memcpy
 .text.memset   0x000000000800ad06       0x10 c:/st/stm32cubeide_1.6.1/stm32cubeide/plugins/com.st.stm32cube.ide.mcu.externaltools.gnu-tools-for-stm32.9-2020-q2-update.win32_1.5.0.202011040924/tools/bin/../lib/gcc/arm-none-eabi/9.3.1/../../../../arm-none-eabi/lib/thumb/v6-m/nofp\libc_nano.a(lib_a-memset.o)
                0x000000000800ad06                memset
 *fill*         0x000000000800ad16        0x2 
 .text.printf   0x000000000800ad18       0x34 c:/st/stm32cubeide_1.6.1/stm32cubeide/plugins/com.st.stm32cube.ide.mcu.externaltools.gnu-tools-for-stm32.9-2020-q2-update.win32_1.5.0.202011040924/tools/bin/../lib/gcc/arm-none-eabi/9.3.1/../../../../arm-none-eabi/lib/thumb/v6-m/nofp\libc_nano.a(lib_a-printf.o)
                0x000000000800ad18                iprintf
                0x000000000800ad18                printf
 .text._puts_r  0x000000000800ad4c       0xe4 c:/st/stm32cubeide_1.6.1/stm32cubeide/plugins/com.st.stm32cube.ide.mcu.externaltools.gnu-tools-for-stm32.9-2020-q2-update.win32_1.5.0.202011040924/tools/bin/../lib/gcc/arm-none-eabi/9.3.1/../../../../arm-none-eabi/lib/thumb/v6-m/nofp\libc_nano.a(lib_a-puts.o)
                0x000000000800ad4c                _puts_r
 .text.puts     0x000000000800ae30       0x14 c:/st/stm32cubeide_1.6.1/stm32cubeide/plugins/com.st.stm32cube.ide.mcu.externaltools.gnu-tools-for-stm32.9-2020-q2-update.win32_1.5.0.202011040924/tools/bin/../lib/gcc/arm-none-eabi/9.3.1/../../../../arm-none-eabi/lib/thumb/v6-m/nofp\libc_nano.a(lib_a-puts.o)
                0x000000000800ae30                puts
 .text.__swbuf_r
                0x000000000800ae44       0xac c:/st/stm32cubeide_1.6.1/stm32cubeide/plugins/com.st.stm32cube.ide.mcu.externaltools.gnu-tools-for-stm32.9-2020-q2-update.win32_1.5.0.202011040924/tools/bin/../lib/gcc/arm-none-eabi/9.3.1/../../../../arm-none-eabi/lib/thumb/v6-m/nofp\libc_nano.a(lib_a-wbuf.o)
                0x000000000800ae44                __swbuf_r
 .text.__swsetup_r
                0x000000000800aef0       0xf0 c:/st/stm32cubeide_1.6.1/stm32cubeide/plugins/com.st.stm32cube.ide.mcu.externaltools.gnu-tools-for-stm32.9-2020-q2-update.win32_1.5.0.202011040924/tools/bin/../lib/gcc/arm-none-eabi/9.3.1/../../../../arm-none-eabi/lib/thumb/v6-m/nofp\libc_nano.a(lib_a-wsetup.o)
                0x000000000800aef0                __swsetup_r
 .text.__sflush_r
                0x000000000800afe0      0x118 c:/st/stm32cubeide_1.6.1/stm32cubeide/plugins/com.st.stm32cube.ide.mcu.externaltools.gnu-tools-for-stm32.9-2020-q2-update.win32_1.5.0.202011040924/tools/bin/../lib/gcc/arm-none-eabi/9.3.1/../../../../arm-none-eabi/lib/thumb/v6-m/nofp\libc_nano.a(lib_a-fflush.o)
                0x000000000800afe0                __sflush_r
 .text._fflush_r
                0x000000000800b0f8       0x80 c:/st/stm32cubeide_1.6.1/stm32cubeide/plugins/com.st.stm32cube.ide.mcu.externaltools.gnu-tools-for-stm32.9-2020-q2-update.win32_1.5.0.202011040924/tools/bin/../lib/gcc/arm-none-eabi/9.3.1/../../../../arm-none-eabi/lib/thumb/v6-m/nofp\libc_nano.a(lib_a-fflush.o)
                0x000000000800b0f8                _fflush_r
 .text.std      0x000000000800b178       0x48 c:/st/stm32cubeide_1.6.1/stm32cubeide/plugins/com.st.stm32cube.ide.mcu.externaltools.gnu-tools-for-stm32.9-2020-q2-update.win32_1.5.0.202011040924/tools/bin/../lib/gcc/arm-none-eabi/9.3.1/../../../../arm-none-eabi/lib/thumb/v6-m/nofp\libc_nano.a(lib_a-findfp.o)
 .text._cleanup_r
                0x000000000800b1c0       0x10 c:/st/stm32cubeide_1.6.1/stm32cubeide/plugins/com.st.stm32cube.ide.mcu.externaltools.gnu-tools-for-stm32.9-2020-q2-update.win32_1.5.0.202011040924/tools/bin/../lib/gcc/arm-none-eabi/9.3.1/../../../../arm-none-eabi/lib/thumb/v6-m/nofp\libc_nano.a(lib_a-findfp.o)
                0x000000000800b1c0                _cleanup_r
 .text.__sfmoreglue
                0x000000000800b1d0       0x2c c:/st/stm32cubeide_1.6.1/stm32cubeide/plugins/com.st.stm32cube.ide.mcu.externaltools.gnu-tools-for-stm32.9-2020-q2-update.win32_1.5.0.202011040924/tools/bin/../lib/gcc/arm-none-eabi/9.3.1/../../../../arm-none-eabi/lib/thumb/v6-m/nofp\libc_nano.a(lib_a-findfp.o)
                0x000000000800b1d0                __sfmoreglue
 .text.__sfp_lock_acquire
                0x000000000800b1fc       0x10 c:/st/stm32cubeide_1.6.1/stm32cubeide/plugins/com.st.stm32cube.ide.mcu.externaltools.gnu-tools-for-stm32.9-2020-q2-update.win32_1.5.0.202011040924/tools/bin/../lib/gcc/arm-none-eabi/9.3.1/../../../../arm-none-eabi/lib/thumb/v6-m/nofp\libc_nano.a(lib_a-findfp.o)
                0x000000000800b1fc                __sfp_lock_acquire
 .text.__sfp_lock_release
                0x000000000800b20c       0x10 c:/st/stm32cubeide_1.6.1/stm32cubeide/plugins/com.st.stm32cube.ide.mcu.externaltools.gnu-tools-for-stm32.9-2020-q2-update.win32_1.5.0.202011040924/tools/bin/../lib/gcc/arm-none-eabi/9.3.1/../../../../arm-none-eabi/lib/thumb/v6-m/nofp\libc_nano.a(lib_a-findfp.o)
                0x000000000800b20c                __sfp_lock_release
 .text.__sinit_lock_acquire
                0x000000000800b21c       0x10 c:/st/stm32cubeide_1.6.1/stm32cubeide/plugins/com.st.stm32cube.ide.mcu.externaltools.gnu-tools-for-stm32.9-2020-q2-update.win32_1.5.0.202011040924/tools/bin/../lib/gcc/arm-none-eabi/9.3.1/../../../../arm-none-eabi/lib/thumb/v6-m/nofp\libc_nano.a(lib_a-findfp.o)
                0x000000000800b21c                __sinit_lock_acquire
 .text.__sinit_lock_release
                0x000000000800b22c       0x10 c:/st/stm32cubeide_1.6.1/stm32cubeide/plugins/com.st.stm32cube.ide.mcu.externaltools.gnu-tools-for-stm32.9-2020-q2-update.win32_1.5.0.202011040924/tools/bin/../lib/gcc/arm-none-eabi/9.3.1/../../../../arm-none-eabi/lib/thumb/v6-m/nofp\libc_nano.a(lib_a-findfp.o)
                0x000000000800b22c                __sinit_lock_release
 .text.__sinit  0x000000000800b23c       0x70 c:/st/stm32cubeide_1.6.1/stm32cubeide/plugins/com.st.stm32cube.ide.mcu.externaltools.gnu-tools-for-stm32.9-2020-q2-update.win32_1.5.0.202011040924/tools/bin/../lib/gcc/arm-none-eabi/9.3.1/../../../../arm-none-eabi/lib/thumb/v6-m/nofp\libc_nano.a(lib_a-findfp.o)
                0x000000000800b23c                __sinit
 .text.__sfp    0x000000000800b2ac       0x90 c:/st/stm32cubeide_1.6.1/stm32cubeide/plugins/com.st.stm32cube.ide.mcu.externaltools.gnu-tools-for-stm32.9-2020-q2-update.win32_1.5.0.202011040924/tools/bin/../lib/gcc/arm-none-eabi/9.3.1/../../../../arm-none-eabi/lib/thumb/v6-m/nofp\libc_nano.a(lib_a-findfp.o)
                0x000000000800b2ac                __sfp
 .text._fwalk_reent
                0x000000000800b33c       0x40 c:/st/stm32cubeide_1.6.1/stm32cubeide/plugins/com.st.stm32cube.ide.mcu.externaltools.gnu-tools-for-stm32.9-2020-q2-update.win32_1.5.0.202011040924/tools/bin/../lib/gcc/arm-none-eabi/9.3.1/../../../../arm-none-eabi/lib/thumb/v6-m/nofp\libc_nano.a(lib_a-fwalk.o)
                0x000000000800b33c                _fwalk_reent
 .text.__retarget_lock_init_recursive
                0x000000000800b37c        0x2 c:/st/stm32cubeide_1.6.1/stm32cubeide/plugins/com.st.stm32cube.ide.mcu.externaltools.gnu-tools-for-stm32.9-2020-q2-update.win32_1.5.0.202011040924/tools/bin/../lib/gcc/arm-none-eabi/9.3.1/../../../../arm-none-eabi/lib/thumb/v6-m/nofp\libc_nano.a(lib_a-lock.o)
                0x000000000800b37c                __retarget_lock_init_recursive
 .text.__retarget_lock_acquire_recursive
                0x000000000800b37e        0x2 c:/st/stm32cubeide_1.6.1/stm32cubeide/plugins/com.st.stm32cube.ide.mcu.externaltools.gnu-tools-for-stm32.9-2020-q2-update.win32_1.5.0.202011040924/tools/bin/../lib/gcc/arm-none-eabi/9.3.1/../../../../arm-none-eabi/lib/thumb/v6-m/nofp\libc_nano.a(lib_a-lock.o)
                0x000000000800b37e                __retarget_lock_acquire_recursive
 .text.__retarget_lock_release_recursive
                0x000000000800b380        0x2 c:/st/stm32cubeide_1.6.1/stm32cubeide/plugins/com.st.stm32cube.ide.mcu.externaltools.gnu-tools-for-stm32.9-2020-q2-update.win32_1.5.0.202011040924/tools/bin/../lib/gcc/arm-none-eabi/9.3.1/../../../../arm-none-eabi/lib/thumb/v6-m/nofp\libc_nano.a(lib_a-lock.o)
                0x000000000800b380                __retarget_lock_release_recursive
 *fill*         0x000000000800b382        0x2 
 .text.__swhatbuf_r
                0x000000000800b384       0x50 c:/st/stm32cubeide_1.6.1/stm32cubeide/plugins/com.st.stm32cube.ide.mcu.externaltools.gnu-tools-for-stm32.9-2020-q2-update.win32_1.5.0.202011040924/tools/bin/../lib/gcc/arm-none-eabi/9.3.1/../../../../arm-none-eabi/lib/thumb/v6-m/nofp\libc_nano.a(lib_a-makebuf.o)
                0x000000000800b384                __swhatbuf_r
 .text.__smakebuf_r
                0x000000000800b3d4       0x88 c:/st/stm32cubeide_1.6.1/stm32cubeide/plugins/com.st.stm32cube.ide.mcu.externaltools.gnu-tools-for-stm32.9-2020-q2-update.win32_1.5.0.202011040924/tools/bin/../lib/gcc/arm-none-eabi/9.3.1/../../../../arm-none-eabi/lib/thumb/v6-m/nofp\libc_nano.a(lib_a-makebuf.o)
                0x000000000800b3d4                __smakebuf_r
 .text._free_r  0x000000000800b45c       0x94 c:/st/stm32cubeide_1.6.1/stm32cubeide/plugins/com.st.stm32cube.ide.mcu.externaltools.gnu-tools-for-stm32.9-2020-q2-update.win32_1.5.0.202011040924/tools/bin/../lib/gcc/arm-none-eabi/9.3.1/../../../../arm-none-eabi/lib/thumb/v6-m/nofp\libc_nano.a(lib_a-nano-freer.o)
                0x000000000800b45c                _free_r
 .text._malloc_r
                0x000000000800b4f0       0xbc c:/st/stm32cubeide_1.6.1/stm32cubeide/plugins/com.st.stm32cube.ide.mcu.externaltools.gnu-tools-for-stm32.9-2020-q2-update.win32_1.5.0.202011040924/tools/bin/../lib/gcc/arm-none-eabi/9.3.1/../../../../arm-none-eabi/lib/thumb/v6-m/nofp\libc_nano.a(lib_a-nano-mallocr.o)
                0x000000000800b4f0                _malloc_r
 .text.__sfputc_r
                0x000000000800b5ac       0x2a c:/st/stm32cubeide_1.6.1/stm32cubeide/plugins/com.st.stm32cube.ide.mcu.externaltools.gnu-tools-for-stm32.9-2020-q2-update.win32_1.5.0.202011040924/tools/bin/../lib/gcc/arm-none-eabi/9.3.1/../../../../arm-none-eabi/lib/thumb/v6-m/nofp\libc_nano.a(lib_a-nano-vfprintf.o)
 .text.__sfputs_r
                0x000000000800b5d6       0x24 c:/st/stm32cubeide_1.6.1/stm32cubeide/plugins/com.st.stm32cube.ide.mcu.externaltools.gnu-tools-for-stm32.9-2020-q2-update.win32_1.5.0.202011040924/tools/bin/../lib/gcc/arm-none-eabi/9.3.1/../../../../arm-none-eabi/lib/thumb/v6-m/nofp\libc_nano.a(lib_a-nano-vfprintf.o)
                0x000000000800b5d6                __sfputs_r
 *fill*         0x000000000800b5fa        0x2 
 .text._vfprintf_r
                0x000000000800b5fc      0x274 c:/st/stm32cubeide_1.6.1/stm32cubeide/plugins/com.st.stm32cube.ide.mcu.externaltools.gnu-tools-for-stm32.9-2020-q2-update.win32_1.5.0.202011040924/tools/bin/../lib/gcc/arm-none-eabi/9.3.1/../../../../arm-none-eabi/lib/thumb/v6-m/nofp\libc_nano.a(lib_a-nano-vfprintf.o)
                0x000000000800b5fc                _vfprintf_r
                0x000000000800b5fc                _vfiprintf_r
 .text._printf_common
                0x000000000800b870       0xde c:/st/stm32cubeide_1.6.1/stm32cubeide/plugins/com.st.stm32cube.ide.mcu.externaltools.gnu-tools-for-stm32.9-2020-q2-update.win32_1.5.0.202011040924/tools/bin/../lib/gcc/arm-none-eabi/9.3.1/../../../../arm-none-eabi/lib/thumb/v6-m/nofp\libc_nano.a(lib_a-nano-vfprintf_i.o)
                0x000000000800b870                _printf_common
 *fill*         0x000000000800b94e        0x2 
 .text._printf_i
                0x000000000800b950      0x224 c:/st/stm32cubeide_1.6.1/stm32cubeide/plugins/com.st.stm32cube.ide.mcu.externaltools.gnu-tools-for-stm32.9-2020-q2-update.win32_1.5.0.202011040924/tools/bin/../lib/gcc/arm-none-eabi/9.3.1/../../../../arm-none-eabi/lib/thumb/v6-m/nofp\libc_nano.a(lib_a-nano-vfprintf_i.o)
                0x000000000800b950                _printf_i
 .text._sbrk_r  0x000000000800bb74       0x24 c:/st/stm32cubeide_1.6.1/stm32cubeide/plugins/com.st.stm32cube.ide.mcu.externaltools.gnu-tools-for-stm32.9-2020-q2-update.win32_1.5.0.202011040924/tools/bin/../lib/gcc/arm-none-eabi/9.3.1/../../../../arm-none-eabi/lib/thumb/v6-m/nofp\libc_nano.a(lib_a-sbrkr.o)
                0x000000000800bb74                _sbrk_r
 .text.__sread  0x000000000800bb98       0x28 c:/st/stm32cubeide_1.6.1/stm32cubeide/plugins/com.st.stm32cube.ide.mcu.externaltools.gnu-tools-for-stm32.9-2020-q2-update.win32_1.5.0.202011040924/tools/bin/../lib/gcc/arm-none-eabi/9.3.1/../../../../arm-none-eabi/lib/thumb/v6-m/nofp\libc_nano.a(lib_a-stdio.o)
                0x000000000800bb98                __sread
 .text.__swrite
                0x000000000800bbc0       0x38 c:/st/stm32cubeide_1.6.1/stm32cubeide/plugins/com.st.stm32cube.ide.mcu.externaltools.gnu-tools-for-stm32.9-2020-q2-update.win32_1.5.0.202011040924/tools/bin/../lib/gcc/arm-none-eabi/9.3.1/../../../../arm-none-eabi/lib/thumb/v6-m/nofp\libc_nano.a(lib_a-stdio.o)
                0x000000000800bbc0                __swrite
 .text.__sseek  0x000000000800bbf8       0x2c c:/st/stm32cubeide_1.6.1/stm32cubeide/plugins/com.st.stm32cube.ide.mcu.externaltools.gnu-tools-for-stm32.9-2020-q2-update.win32_1.5.0.202011040924/tools/bin/../lib/gcc/arm-none-eabi/9.3.1/../../../../arm-none-eabi/lib/thumb/v6-m/nofp\libc_nano.a(lib_a-stdio.o)
                0x000000000800bbf8                __sseek
 .text.__sclose
                0x000000000800bc24        0xc c:/st/stm32cubeide_1.6.1/stm32cubeide/plugins/com.st.stm32cube.ide.mcu.externaltools.gnu-tools-for-stm32.9-2020-q2-update.win32_1.5.0.202011040924/tools/bin/../lib/gcc/arm-none-eabi/9.3.1/../../../../arm-none-eabi/lib/thumb/v6-m/nofp\libc_nano.a(lib_a-stdio.o)
                0x000000000800bc24                __sclose
 .text._write_r
                0x000000000800bc30       0x28 c:/st/stm32cubeide_1.6.1/stm32cubeide/plugins/com.st.stm32cube.ide.mcu.externaltools.gnu-tools-for-stm32.9-2020-q2-update.win32_1.5.0.202011040924/tools/bin/../lib/gcc/arm-none-eabi/9.3.1/../../../../arm-none-eabi/lib/thumb/v6-m/nofp\libc_nano.a(lib_a-writer.o)
                0x000000000800bc30                _write_r
 .text._close_r
                0x000000000800bc58       0x24 c:/st/stm32cubeide_1.6.1/stm32cubeide/plugins/com.st.stm32cube.ide.mcu.externaltools.gnu-tools-for-stm32.9-2020-q2-update.win32_1.5.0.202011040924/tools/bin/../lib/gcc/arm-none-eabi/9.3.1/../../../../arm-none-eabi/lib/thumb/v6-m/nofp\libc_nano.a(lib_a-closer.o)
                0x000000000800bc58                _close_r
 .text._fstat_r
                0x000000000800bc7c       0x24 c:/st/stm32cubeide_1.6.1/stm32cubeide/plugins/com.st.stm32cube.ide.mcu.externaltools.gnu-tools-for-stm32.9-2020-q2-update.win32_1.5.0.202011040924/tools/bin/../lib/gcc/arm-none-eabi/9.3.1/../../../../arm-none-eabi/lib/thumb/v6-m/nofp\libc_nano.a(lib_a-fstatr.o)
                0x000000000800bc7c                _fstat_r
 .text._isatty_r
                0x000000000800bca0       0x24 c:/st/stm32cubeide_1.6.1/stm32cubeide/plugins/com.st.stm32cube.ide.mcu.externaltools.gnu-tools-for-stm32.9-2020-q2-update.win32_1.5.0.202011040924/tools/bin/../lib/gcc/arm-none-eabi/9.3.1/../../../../arm-none-eabi/lib/thumb/v6-m/nofp\libc_nano.a(lib_a-isattyr.o)
                0x000000000800bca0                _isatty_r
 .text._lseek_r
                0x000000000800bcc4       0x28 c:/st/stm32cubeide_1.6.1/stm32cubeide/plugins/com.st.stm32cube.ide.mcu.externaltools.gnu-tools-for-stm32.9-2020-q2-update.win32_1.5.0.202011040924/tools/bin/../lib/gcc/arm-none-eabi/9.3.1/../../../../arm-none-eabi/lib/thumb/v6-m/nofp\libc_nano.a(lib_a-lseekr.o)
                0x000000000800bcc4                _lseek_r
 .text.memchr   0x000000000800bcec       0x16 c:/st/stm32cubeide_1.6.1/stm32cubeide/plugins/com.st.stm32cube.ide.mcu.externaltools.gnu-tools-for-stm32.9-2020-q2-update.win32_1.5.0.202011040924/tools/bin/../lib/gcc/arm-none-eabi/9.3.1/../../../../arm-none-eabi/lib/thumb/v6-m/nofp\libc_nano.a(lib_a-memchr-stub.o)
                0x000000000800bcec                memchr
 *fill*         0x000000000800bd02        0x2 
 .text.__malloc_lock
                0x000000000800bd04       0x10 c:/st/stm32cubeide_1.6.1/stm32cubeide/plugins/com.st.stm32cube.ide.mcu.externaltools.gnu-tools-for-stm32.9-2020-q2-update.win32_1.5.0.202011040924/tools/bin/../lib/gcc/arm-none-eabi/9.3.1/../../../../arm-none-eabi/lib/thumb/v6-m/nofp\libc_nano.a(lib_a-mlock.o)
                0x000000000800bd04                __malloc_lock
 .text.__malloc_unlock
                0x000000000800bd14       0x10 c:/st/stm32cubeide_1.6.1/stm32cubeide/plugins/com.st.stm32cube.ide.mcu.externaltools.gnu-tools-for-stm32.9-2020-q2-update.win32_1.5.0.202011040924/tools/bin/../lib/gcc/arm-none-eabi/9.3.1/../../../../arm-none-eabi/lib/thumb/v6-m/nofp\libc_nano.a(lib_a-mlock.o)
                0x000000000800bd14                __malloc_unlock
 .text._read_r  0x000000000800bd24       0x28 c:/st/stm32cubeide_1.6.1/stm32cubeide/plugins/com.st.stm32cube.ide.mcu.externaltools.gnu-tools-for-stm32.9-2020-q2-update.win32_1.5.0.202011040924/tools/bin/../lib/gcc/arm-none-eabi/9.3.1/../../../../arm-none-eabi/lib/thumb/v6-m/nofp\libc_nano.a(lib_a-readr.o)
                0x000000000800bd24                _read_r
 .text.sqrt     0x000000000800bd4c       0x5c c:/st/stm32cubeide_1.6.1/stm32cubeide/plugins/com.st.stm32cube.ide.mcu.externaltools.gnu-tools-for-stm32.9-2020-q2-update.win32_1.5.0.202011040924/tools/bin/../lib/gcc/arm-none-eabi/9.3.1/../../../../arm-none-eabi/lib/thumb/v6-m/nofp\libm.a(lib_a-w_sqrt.o)
                0x000000000800bd4c                sqrt
 .text.__ieee754_sqrt
                0x000000000800bda8      0x168 c:/st/stm32cubeide_1.6.1/stm32cubeide/plugins/com.st.stm32cube.ide.mcu.externaltools.gnu-tools-for-stm32.9-2020-q2-update.win32_1.5.0.202011040924/tools/bin/../lib/gcc/arm-none-eabi/9.3.1/../../../../arm-none-eabi/lib/thumb/v6-m/nofp\libm.a(lib_a-e_sqrt.o)
                0x000000000800bda8                __ieee754_sqrt
 *(.glue_7)
 .glue_7        0x000000000800bf10        0x0 linker stubs
 *(.glue_7t)
 .glue_7t       0x000000000800bf10        0x0 linker stubs
 *(.eh_frame)
 .eh_frame      0x000000000800bf10        0x0 c:/st/stm32cubeide_1.6.1/stm32cubeide/plugins/com.st.stm32cube.ide.mcu.externaltools.gnu-tools-for-stm32.9-2020-q2-update.win32_1.5.0.202011040924/tools/bin/../lib/gcc/arm-none-eabi/9.3.1/thumb/v6-m/nofp/crtbegin.o
 *(.init)
 .init          0x000000000800bf10        0x4 c:/st/stm32cubeide_1.6.1/stm32cubeide/plugins/com.st.stm32cube.ide.mcu.externaltools.gnu-tools-for-stm32.9-2020-q2-update.win32_1.5.0.202011040924/tools/bin/../lib/gcc/arm-none-eabi/9.3.1/thumb/v6-m/nofp/crti.o
                0x000000000800bf10                _init
 .init          0x000000000800bf14        0x8 c:/st/stm32cubeide_1.6.1/stm32cubeide/plugins/com.st.stm32cube.ide.mcu.externaltools.gnu-tools-for-stm32.9-2020-q2-update.win32_1.5.0.202011040924/tools/bin/../lib/gcc/arm-none-eabi/9.3.1/thumb/v6-m/nofp/crtn.o
 *(.fini)
 .fini          0x000000000800bf1c        0x4 c:/st/stm32cubeide_1.6.1/stm32cubeide/plugins/com.st.stm32cube.ide.mcu.externaltools.gnu-tools-for-stm32.9-2020-q2-update.win32_1.5.0.202011040924/tools/bin/../lib/gcc/arm-none-eabi/9.3.1/thumb/v6-m/nofp/crti.o
                0x000000000800bf1c                _fini
 .fini          0x000000000800bf20        0x8 c:/st/stm32cubeide_1.6.1/stm32cubeide/plugins/com.st.stm32cube.ide.mcu.externaltools.gnu-tools-for-stm32.9-2020-q2-update.win32_1.5.0.202011040924/tools/bin/../lib/gcc/arm-none-eabi/9.3.1/thumb/v6-m/nofp/crtn.o
                0x000000000800bf28                . = ALIGN (0x4)
                0x000000000800bf28                _etext = .

.vfp11_veneer   0x000000000800bf28        0x0
 .vfp11_veneer  0x000000000800bf28        0x0 linker stubs

.v4_bx          0x000000000800bf28        0x0
 .v4_bx         0x000000000800bf28        0x0 linker stubs

.iplt           0x000000000800bf28        0x0
 .iplt          0x000000000800bf28        0x0 c:/st/stm32cubeide_1.6.1/stm32cubeide/plugins/com.st.stm32cube.ide.mcu.externaltools.gnu-tools-for-stm32.9-2020-q2-update.win32_1.5.0.202011040924/tools/bin/../lib/gcc/arm-none-eabi/9.3.1/thumb/v6-m/nofp/crtbegin.o

.rodata         0x000000000800bf28     0x2608
                0x000000000800bf28                . = ALIGN (0x4)
 *(.rodata)
 .rodata        0x000000000800bf28       0x80 c:/st/stm32cubeide_1.6.1/stm32cubeide/plugins/com.st.stm32cube.ide.mcu.externaltools.gnu-tools-for-stm32.9-2020-q2-update.win32_1.5.0.202011040924/tools/bin/../lib/gcc/arm-none-eabi/9.3.1/thumb/v6-m/nofp\libgcc.a(divsf3.o)
 .rodata        0x000000000800bfa8       0x40 c:/st/stm32cubeide_1.6.1/stm32cubeide/plugins/com.st.stm32cube.ide.mcu.externaltools.gnu-tools-for-stm32.9-2020-q2-update.win32_1.5.0.202011040924/tools/bin/../lib/gcc/arm-none-eabi/9.3.1/thumb/v6-m/nofp\libgcc.a(mulsf3.o)
 .rodata        0x000000000800bfe8       0x40 c:/st/stm32cubeide_1.6.1/stm32cubeide/plugins/com.st.stm32cube.ide.mcu.externaltools.gnu-tools-for-stm32.9-2020-q2-update.win32_1.5.0.202011040924/tools/bin/../lib/gcc/arm-none-eabi/9.3.1/thumb/v6-m/nofp\libgcc.a(divdf3.o)
 .rodata        0x000000000800c028       0x40 c:/st/stm32cubeide_1.6.1/stm32cubeide/plugins/com.st.stm32cube.ide.mcu.externaltools.gnu-tools-for-stm32.9-2020-q2-update.win32_1.5.0.202011040924/tools/bin/../lib/gcc/arm-none-eabi/9.3.1/thumb/v6-m/nofp\libgcc.a(muldf3.o)
 *(.rodata*)
 .rodata.AHBPrescTable
                0x000000000800c068       0x10 Core/Src/system_stm32f0xx.o
                0x000000000800c068                AHBPrescTable
 .rodata.APBPrescTable
                0x000000000800c078        0x8 Core/Src/system_stm32f0xx.o
                0x000000000800c078                APBPrescTable
 .rodata.charger_reset_reg_all_bit
                0x000000000800c080       0x2c Core/_app/Src/_app_charging_service.o
 .rodata.charger_wake_up_seq_start.part.0.str1.4
                0x000000000800c0ac       0x61 Core/_app/Src/_app_charging_service.o
 *fill*         0x000000000800c10d        0x3 
 .rodata.charger_wake_up_seq_forced_stop.part.0.str1.4
                0x000000000800c110        0xf Core/_app/Src/_app_charging_service.o
 *fill*         0x000000000800c11f        0x1 
 .rodata.charger_wake_up_seq_control.part.0.str1.4
                0x000000000800c120       0x3e Core/_app/Src/_app_charging_service.o
 *fill*         0x000000000800c15e        0x2 
 .rodata._APP_CHARGSERV_init_ok.str1.4
                0x000000000800c160       0x20 Core/_app/Src/_app_charging_service.o
 .rodata._APP_CHARGSERV_ready_cardtag.str1.4
                0x000000000800c180       0x21 Core/_app/Src/_app_charging_service.o
 *fill*         0x000000000800c1a1        0x3 
 .rodata._APP_CHARGSERV_ready_automodeflag.str1.4
                0x000000000800c1a4       0x2b Core/_app/Src/_app_charging_service.o
 *fill*         0x000000000800c1cf        0x1 
 .rodata._APP_CHARGSERV_autoready_manualmodeflag.str1.4
                0x000000000800c1d0       0x31 Core/_app/Src/_app_charging_service.o
 *fill*         0x000000000800c201        0x3 
 .rodata._APP_CHARGSERV_autoready_connected.str1.4
                0x000000000800c204       0x2c Core/_app/Src/_app_charging_service.o
 .rodata._APP_CHARGSERV_usercheck_serverconnectstart.str1.4
                0x000000000800c230       0x2d Core/_app/Src/_app_charging_service.o
 *fill*         0x000000000800c25d        0x3 
 .rodata._APP_CHARGSERV_usercheck_user_ok.str1.4
                0x000000000800c260       0x25 Core/_app/Src/_app_charging_service.o
 *fill*         0x000000000800c285        0x3 
 .rodata._APP_CHARGSERV_usercheck_user_retry.str1.4
                0x000000000800c288       0x2e Core/_app/Src/_app_charging_service.o
 *fill*         0x000000000800c2b6        0x2 
 .rodata._APP_CHARGSERV_connect_ok.str1.4
                0x000000000800c2b8       0x26 Core/_app/Src/_app_charging_service.o
 *fill*         0x000000000800c2de        0x2 
 .rodata._APP_CHARGSERV_connect_timeout.str1.4
                0x000000000800c2e0       0x2b Core/_app/Src/_app_charging_service.o
 *fill*         0x000000000800c30b        0x1 
 .rodata._APP_CHARGSERV_charging_ok.str1.4
                0x000000000800c30c       0x27 Core/_app/Src/_app_charging_service.o
 *fill*         0x000000000800c333        0x1 
 .rodata._APP_CHARGSERV_finish_ok.str1.4
                0x000000000800c334       0x22 Core/_app/Src/_app_charging_service.o
 *fill*         0x000000000800c356        0x2 
 .rodata._APP_CHARGSERV_fault_set.str1.4
                0x000000000800c358       0x22 Core/_app/Src/_app_charging_service.o
 *fill*         0x000000000800c37a        0x2 
 .rodata._APP_CHARGSERV_fault_reset.str1.4
                0x000000000800c37c       0x24 Core/_app/Src/_app_charging_service.o
 .rodata.charger_set_modecfg.str1.4
                0x000000000800c3a0       0x9f Core/_app/Src/_app_charging_service.o
 *fill*         0x000000000800c43f        0x1 
 .rodata.charger_wake_up_seq_enable.str1.4
                0x000000000800c440        0xe Core/_app/Src/_app_charging_service.o
 *fill*         0x000000000800c44e        0x2 
 .rodata._APP_CHARGSERV_state_machine.str1.4
                0x000000000800c450       0x7b Core/_app/Src/_app_charging_service.o
 *fill*         0x000000000800c4cb        0x1 
 .rodata._APP_CHARGSERV_state_machine
                0x000000000800c4cc       0x2c Core/_app/Src/_app_charging_service.o
 .rodata.charger_indiled_display
                0x000000000800c4f8       0x28 Core/_app/Src/_app_charging_service.o
 .rodata.charger_cp_state_control.str1.4
                0x000000000800c520      0x4d9 Core/_app/Src/_app_charging_service.o
 *fill*         0x000000000800c9f9        0x3 
 .rodata.charger_cp_state_control
                0x000000000800c9fc       0x18 Core/_app/Src/_app_charging_service.o
 .rodata.charger_mc_ry_control.str1.4
                0x000000000800ca14       0xdb Core/_app/Src/_app_charging_service.o
 *fill*         0x000000000800caef        0x1 
 .rodata.charger_common_control.str1.4
                0x000000000800caf0      0x167 Core/_app/Src/_app_charging_service.o
 *fill*         0x000000000800cc57        0x1 
 .rodata.charger_common_control
                0x000000000800cc58       0x20 Core/_app/Src/_app_charging_service.o
 .rodata.charger_userconfigmode_handler.str1.4
                0x000000000800cc78       0xae Core/_app/Src/_app_charging_service.o
 *fill*         0x000000000800cd26        0x2 
 .rodata.charger_autostartmode_handler.str1.4