_mw_cp.c:33:6:_MW_CP_init	16	static
_mw_cp.c:71:9:_MW_CP_change_duty	24	static
_mw_cp.c:91:9:_MW_CP_set_pwm_duty	16	static
_mw_cp.c:103:8:_MW_CP_get_pwm_duty	0	static
_mw_cp.c:107:8:_MW_CP_get_h_final_voltage	0	static
_mw_cp.c:111:8:_MW_CP_get_l_final_voltage	0	static
_mw_cp.c:116:9:_MW_CP_cp_relay_ctl	8	static
_mw_cp.c:262:9:_MW_CP_mc_relay_clear	8	static
_mw_cp.c:284:9:_MW_CP_mc_relay_ctl	16	static
_mw_cp.c:331:9:_MW_CP_mc_relay_off_fast	8	static
_mw_cp.c:352:9:_MW_CP_get_cp_relay_state	8	static
_mw_cp.c:364:9:_MW_CP_get_mc_relay_state	0	static
_mw_cp.c:391:13:_MW_CP_get_cp_state	0	static
_mw_cp.c:397:10:_MW_CP_cal_ampe_to_duty	16	static
_mw_cp.c:417:9:_MW_CP_print_cp_state	8	static
_mw_cp.c:472:9:_MW_CP_average_adc	32	static
_mw_cp.c:536:9:CP_is_complete_ADC	0	static
_mw_cp.c:566:6:CP_reset_complete_ADC	0	static
_mw_cp.c:663:9:_MW_CP_calculate_adc	16	static
_mw_cp.c:715:9:_MW_CP_calculate_state	32	static
_mw_cp.c:773:6:_MW_CP_main	8	static
