_app_rfid_comm.c:62:6:rfid_comPut	8	static
_app_rfid_comm.c:67:10:buypass_crc16	12	static
_app_rfid_comm.c:81:6:rfid_frame_search	64	static
_app_rfid_comm.c:129:6:rfid_read_card_id	16	static
_app_rfid_comm.c:152:6:rfid_reader_terminate	8	static
_app_rfid_comm.c:170:6:rfid_reader_version	16	static
_app_rfid_comm.c:192:6:rfid_reader_status	8	static
_app_rfid_comm.c:206:6:_APP_RFID_push_ringbuffer	16	static
_app_rfid_comm.c:218:6:_APP_RFID_req	16	static
_app_rfid_comm.c:243:9:_APP_RFID_save_card_num	8	static
_app_rfid_comm.c:264:9:_APP_RFID_get_stus	0	static
_app_rfid_comm.c:269:10:_APP_RFID_get_version	0	static
_app_rfid_comm.c:279:9:rfid_set_state	0	static
_app_rfid_comm.c:285:13:rfid_get_current_state	0	static
_app_rfid_comm.c:291:6:rfid_main_processing	24	static
_app_rfid_comm.c:372:6:_APP_RFID_located_in_timer	8	static
_app_rfid_comm.c:392:6:_APP_RFID_state_machine	16	static
_app_rfid_comm.c:477:6:_APP_RFID_set_start_tagging	16	static
_app_rfid_comm.c:500:9:_APP_RFID_get_tagging_result	0	static
_app_rfid_comm.c:533:6:_APP_RFID_get_card_number	40	static
_app_rfid_comm.c:562:6:_APP_RFID_get_event	0	static
_app_rfid_comm.c:586:6:_APP_RFID_set_event	0	static
_app_rfid_comm.c:629:9:_APP_RFID_is_init_ok	0	static
_app_rfid_comm.c:641:6:_APP_RFID_check_status_loop	8	static
_app_rfid_comm.c:666:6:_APP_RFID_main	8	static
_app_rfid_comm.c:677:6:_APP_RFID_startup	8	static
_app_rfid_comm.c:688:6:_APP_RFID_init	0	static
_app_rfid_comm.c:693:6:_APP_RFID_comm_process	8	static
