_app_system_control.c:61:6:config_comPut	8	static
_app_system_control.c:66:10:config_crc16	12	static
_app_system_control.c:80:6:_APP_SYSTEMCTL_framesearch	160	static
_app_system_control.c:165:6:_APP_SYSTEMCTL_req	24	static
_app_system_control.c:202:6:_APP_SYSTEMCTL_push_ringbuffer	8	static
_app_system_control.c:207:9:config_write_common_command	96	static
_app_system_control.c:334:9:config_write_pm_command	0	static
_app_system_control.c:340:6:config_write_command_parser	80	static
_app_system_control.c:366:9:config_read_pm_command	0	static
_app_system_control.c:372:9:config_read_common_command	0	static
_app_system_control.c:390:6:config_read_command_parser	64	static
_app_system_control.c:410:6:config_main_processing	8	static
_app_system_control.c:433:6:check_temp_loop	8	static
_app_system_control.c:484:6:_APP_SYSTEMCTL_located_in_timer	8	static
_app_system_control.c:493:6:_APP_flash_init	0	static
_app_system_control.c:528:9:_APP_flash_sector_write_data	0	static
_app_system_control.c:536:9:_APP_flash_sector_read_data	0	static
_app_system_control.c:544:6:_APP_SYSTEMCTL_write_memory	0	static
_app_system_control.c:549:6:_APP_SYSTEMCTL_read_memory	0	static
_app_system_control.c:554:6:_APP_SYSTEMCTL_memory_loop	0	static
_app_system_control.c:562:9:_APP_SYSTEMCTL_check_cardnum	56	static
_app_system_control.c:592:6:_APP_SYSTEMCTL_startup	96	static
_app_system_control.c:667:6:_APP_SYSTEMCTL_main	8	static
_app_system_control.c:675:6:_APP_SYSTEMCTL_get_event	0	static
_app_system_control.c:681:6:_APP_SYSTEMCTL_set_event	0	static
_app_system_control.c:706:6:_APP_SYSTEMCTL_process	8	static
