_app_charging_service.c:77:9:charger_reset_reg_all_bit	0	static
_app_charging_service.c:1047:9:charger_wake_up_seq_start.part.0	8	static
_app_charging_service.c:1151:6:charger_wake_up_seq_forced_stop.part.0	8	static
_app_charging_service.c:2739:6:charger_wake_up_seq_control.part.0	16	static
_app_charging_service.c:3810:6:_APP_CHARGSERV_device_stop.part.0	8	static
_app_charging_service.c:142:9:charger_set_mode	0	static
_app_charging_service.c:149:15:charger_get_mode	0	static
_app_charging_service.c:376:6:charger_set_connect_wait_count	0	static
_app_charging_service.c:381:6:_APP_CHARGSERV_connect_wait_count_forceout	0	static
_app_charging_service.c:406:6:charger_reset_powercut_pass_count	0	static
_app_charging_service.c:410:6:charger_lapse_powercut_pass_count	0	static
_app_charging_service.c:414:10:charger_get_powercut_pass_count	0	static
_app_charging_service.c:418:6:charger_set_powercut_pass_count	8	static
_app_charging_service.c:427:16:_APP_CHARGSERV_get_current_state	0	static
_app_charging_service.c:446:9:_APP_CHARGSERV_init_ok	8	static
_app_charging_service.c:465:9:_APP_CHARGSERV_ready_cardtag	8	static
_app_charging_service.c:487:9:_APP_CHARGSERV_ready_otareq	8	static
_app_charging_service.c:508:9:_APP_CHARGSERV_ready_powercutstart	8	static
_app_charging_service.c:529:9:_APP_CHARGSERV_ready_automodeflag	8	static
_app_charging_service.c:548:9:_APP_CHARGSERV_autoready_manualmodeflag	8	static
_app_charging_service.c:568:9:_APP_CHARGSERV_autoready_connected	8	static
_app_charging_service.c:588:9:_APP_CHARGSERV_usercheck_serverconnectstart	8	static
_app_charging_service.c:607:9:_APP_CHARGSERV_usercheck_user_ok	8	static
_app_charging_service.c:627:9:_APP_CHARGSERV_usercheck_user_retry	8	static
_app_charging_service.c:650:9:_APP_CHARGSERV_connect_ok	8	static
_app_charging_service.c:669:9:_APP_CHARGSERV_connect_timeout	8	static
_app_charging_service.c:688:9:_APP_CHARGSERV_charging_ok	8	static
_app_charging_service.c:708:9:_APP_CHARGSERV_finish_ok	8	static
_app_charging_service.c:727:9:_APP_CHARGSERV_powercut_timepass_ok	8	static
_app_charging_service.c:746:9:_APP_CHARGSERV_fault_set	8	static
_app_charging_service.c:765:9:_APP_CHARGSERV_fault_reset	8	static
_app_charging_service.c:784:9:_APP_CHARGSERV_set_duty_ondelay	16	static
_app_charging_service.c:815:9:_APP_CHARGSERV_complete_duty_ondelay	16	static
_app_charging_service.c:840:9:_APP_CHARGSERV_reset_duty_ondelay	0	static
_app_charging_service.c:846:9:_APP_CHARGSERV_print_won	16	static
_app_charging_service.c:874:9:_APP_CHARGSERV_print_kwh	16	static
_app_charging_service.c:898:9:charger_set_modecfg	16	static
_app_charging_service.c:986:9:charger_get_wake_up_seq_flag	0	static
_app_charging_service.c:997:21:charger_get_wake_up_seq_step	0	static
_app_charging_service.c:1003:6:charger_wake_up_seq_enable	8	static
_app_charging_service.c:1014:6:charger_wake_up_seq_disable	8	static
_app_charging_service.c:1026:9:charger_wake_up_seq_is_finish	0	static
_app_charging_service.c:1039:6:_APP_CHARGSERV_wake_up_seq_init	8	static
_app_charging_service.c:1047:9:charger_wake_up_seq_start	8	static
_app_charging_service.c:1092:9:_APP_CHARGSERV_set_wake_up_seq_step	0	static
_app_charging_service.c:1151:6:charger_wake_up_seq_forced_stop	8	static
_app_charging_service.c:1167:9:charger_state_is_changed	0	static
_app_charging_service.c:1248:9:charger_is_load_detect_flug	0	static
_app_charging_service.c:1260:9:charger_is_load_detect_evse	0	static
_app_charging_service.c:1331:6:charger_set_startpoint_energy	0	static
_app_charging_service.c:1336:6:Charger_reset_use_energy	0	static
_app_charging_service.c:1341:10:charger_calc_use_energy	0	static
_app_charging_service.c:1363:10:charger_get_use_energy	0	static
_app_charging_service.c:1368:10:charger_calc_won	0	static
_app_charging_service.c:1396:10:charger_get_won	0	static
_app_charging_service.c:1401:6:_APP_CHARGSERV_state_machine	16	static
_app_charging_service.c:1639:6:charger_indiled_display	16	static
_app_charging_service.c:1852:6:charger_dipled_display	8	static
_app_charging_service.c:1919:6:_APP_CHARGSERV_display_loop	8	static
_app_charging_service.c:1933:6:charger_cp_ry_control	16	static
_app_charging_service.c:2162:6:charger_cp_state_control	24	static
_app_charging_service.c:2619:6:charger_mc_ry_control	32	static
_app_charging_service.c:2739:6:charger_wake_up_seq_control	8	static
_app_charging_service.c:3299:9:_APP_CHARGSERV_check_charging_cardnum	8	static
_app_charging_service.c:2995:6:charger_common_control	24	static
_app_charging_service.c:3519:6:charger_userconfigmode_handler	24	static
_app_charging_service.c:3584:6:charger_autostartmode_handler	24	static
_app_charging_service.c:3735:6:_APP_CHARGSERV_ctrl_loop	8	static
_app_charging_service.c:3749:9:_APP_CHARGSERV_print_state	16	static
_app_charging_service.c:3810:6:_APP_CHARGSERV_device_stop	8	static
_app_charging_service.c:3850:9:_APP_CHARGSERV_set_active_Ampe	16	static
_app_charging_service.c:3906:9:_APP_CHARGSERV_get_active_Ampe	0	static
_app_charging_service.c:3911:15:_APP_CHARGSERV_get_voltage_rms_V	8	static
_app_charging_service.c:3920:6:_APP_CHARGSERV_set_voltage_rms_V	0	static
_app_charging_service.c:3924:15:_APP_CHARGSERV_get_current_rms_A	8	static
_app_charging_service.c:3936:6:_APP_CHARGSERV_set_current_rms_A	0	static
_app_charging_service.c:3941:6:charger_emg_fault	16	static
_app_charging_service.c:3976:6:charger_wd_fault	16	static
_app_charging_service.c:4048:6:charger_over_voltage_fault	16	static
_app_charging_service.c:4088:6:charger_under_voltage_fault	0	static
_app_charging_service.c:4092:6:charger_over_current_fault	16	static
_app_charging_service.c:4208:6:charger_over_temperature_under_voltage_fault	16	static
_app_charging_service.c:4303:9:_APP_CHARGSERV_is_over_temperature_fault_set	0	static
_app_charging_service.c:4308:6:_APP_CHARGSERV_over_temperature_fault_set	0	static
_app_charging_service.c:4313:6:_APP_CHARGSERV_over_temperature_fault_reset	0	static
_app_charging_service.c:4318:6:charger_cp_fault	8	static
_app_charging_service.c:4331:6:charger_leakage_fault	8	static
_app_charging_service.c:4341:9:_APP_CHARGSERV_is_leakage_fault_set	0	static
_app_charging_service.c:4346:6:_APP_CHARGSERV_leakage_fault_set	24	static
_app_charging_service.c:4386:6:_APP_CHARGSERV_leakage_fault_reset	0	static
_app_charging_service.c:4391:6:_APP_CHARGSERV_cp_fault_set	0	static
_app_charging_service.c:4396:6:_APP_CHARGSERV_cp_fault_reset	0	static
_app_charging_service.c:4401:6:_APP_CHARGSERV_dm_fault_set	0	static
_app_charging_service.c:4406:6:_APP_CHARGSERV_dm_fault_reset	0	static
_app_charging_service.c:4411:6:_APP_CHARGSERV_rfid_fault_set	0	static
_app_charging_service.c:4416:6:_APP_CHARGSERV_rfid_fault_reset	0	static
_app_charging_service.c:4421:6:_APP_CHARGSERV_save_dm_version	16	static
_app_charging_service.c:4427:6:_APP_CHARGSERV_save_dm_value	120	static
_app_charging_service.c:4477:7:_APP_CHARGSERV_get_active_energy_float	8	static
_app_charging_service.c:4486:7:_APP_CHARGSERV_get_active_energy_calc_float	8	static
_app_charging_service.c:4504:9:_APP_CHARGSERV_get_plug_state	8	static
_app_charging_service.c:4545:6:_APP_CHARGSERV_RemoteStart	0	static
_app_charging_service.c:4556:6:_APP_CHARGSERV_RemoteStop	0	static
_app_charging_service.c:4568:9:_APP_CHARGSERV_is_RemoteStop	0	static
_app_charging_service.c:4586:6:_APP_CHARGSERV_set_chargingcontinuousmode	8	static
_app_charging_service.c:4601:9:_APP_CHARGSERV_is_Ready_for_charging	16	static
_app_charging_service.c:4621:9:_APP_CHARGSERV_is_state_finish	0	static
_app_charging_service.c:4635:9:_APP_CHARGSERV_is_id_tagging_stop	0	static
_app_charging_service.c:4648:6:_APP_CHARGSERV_set_connectiontimeout	8	static
_app_charging_service.c:4665:6:_APP_CHARGSERV_set_charging_to_unplug	0	static
_app_charging_service.c:4670:6:_APP_CHARGSERV_clear_charging_to_unplug	0	static
_app_charging_service.c:4675:9:_APP_CHARGSERV_is_charging_to_unplug	0	static
_app_charging_service.c:4691:9:_APP_CHARGSERV_is_serverconnectstart	0	static
_app_charging_service.c:4704:9:_APP_CHARGSERV_is_state_charging_id_tagging	0	static
_app_charging_service.c:4717:9:_APP_CHARGSERV_is_dev_mode	0	static
_app_charging_service.c:4729:6:_APP_CHARGSERV_get_charger_fault_status	8	static
_app_charging_service.c:4734:6:_APP_CHARGSERV_fault_loop	16	static
_app_charging_service.c:4787:6:_APP_CHARGSERV_get_event	0	static
_app_charging_service.c:4855:6:_APP_CHARGSERV_set_event	0	static
_app_charging_service.c:4900:6:_APP_CHARGSERV_startup	32	static
_app_charging_service.c:5002:6:_APP_CHARGSERV_init	8	static
_app_charging_service.c:5017:9:_APP_CHARGSERV_deinit	8	static
_app_charging_service.c:5033:6:_APP_CHARGSERV_main	8	static
_app_charging_service.c:5053:6:_APP_CHARGSERV_process	16	static
